core_cm4.h:2064:26:ITM_SendChar	16	static,ignoring_inline_asm
main.c:123:6:HAL_UART_RxCpltCallback	16	static
main.c:132:5:main	16	static
main.c:258:6:SystemClock_Config	96	static
main.c:299:13:MX_I2C1_Init	8	static
main.c:342:13:MX_USART1_UART_Init	8	static
main.c:375:13:MX_USART2_UART_Init	8	static
main.c:408:13:MX_GPIO_Init	40	static
main.c:424:5:_write	32	static
main.c:432:7:extractFloat	16	static
main.c:436:5:processGPSdata	56	static
main.c:496:6:wirelessSend	40	static
main.c:506:6:initializeAltitudeArray	24	static
main.c:512:8:getRawAltitude	40	static
main.c:520:8:getFilteredAltitude	32	static
main.c:532:8:calcMedian	64	static
main.c:580:6:Error_Handler	4	static,ignoring_inline_asm
