core_cm4.h:2064:26:ITM_SendChar	16	static,ignoring_inline_asm
main.c:119:5:main	40	static
main.c:251:6:SystemClock_Config	96	static
main.c:292:13:MX_I2C1_Init	8	static
main.c:335:13:MX_TIM2_Init	48	static
main.c:382:13:MX_TIM3_Init	40	static
main.c:424:13:MX_GPIO_Init	40	static
main.c:450:5:_write	32	static
main.c:458:5:isLaunched	24	static
main.c:474:5:isTopReached	32	static
main.c:485:6:initializeFpStateArray	24	static
main.c:491:6:initializeAltitudeArray	24	static
main.c:497:8:getRawAltitude	40	static
main.c:505:8:getFilteredAltitude	32	static
main.c:517:8:calcMedian	64	static
main.c:560:6:servoWrite	24	static
main.c:573:6:servoTest	32	static
main.c:582:6:indicateMode	16	static
main.c:601:6:Error_Handler	4	static,ignoring_inline_asm
