Archive member included to satisfy reference by file (symbol)

c:/st/stm32cubeide_1.8.0/stm32cubeide/plugins/com.st.stm32cube.ide.mcu.externaltools.gnu-tools-for-stm32.9-2020-q2-update.win32_2.0.0.202105311346/tools/bin/../lib/gcc/arm-none-eabi/9.3.1/../../../../arm-none-eabi/lib/thumb/v7e-m+fp/hard\libc_nano.a(lib_a-errno.o)
                              ./Core/Src/syscalls.o (__errno)
c:/st/stm32cubeide_1.8.0/stm32cubeide/plugins/com.st.stm32cube.ide.mcu.externaltools.gnu-tools-for-stm32.9-2020-q2-update.win32_2.0.0.202105311346/tools/bin/../lib/gcc/arm-none-eabi/9.3.1/../../../../arm-none-eabi/lib/thumb/v7e-m+fp/hard\libc_nano.a(lib_a-exit.o)
                              c:/st/stm32cubeide_1.8.0/stm32cubeide/plugins/com.st.stm32cube.ide.mcu.externaltools.gnu-tools-for-stm32.9-2020-q2-update.win32_2.0.0.202105311346/tools/bin/../lib/gcc/arm-none-eabi/9.3.1/../../../../arm-none-eabi/lib/thumb/v7e-m+fp/hard/crt0.o (exit)
c:/st/stm32cubeide_1.8.0/stm32cubeide/plugins/com.st.stm32cube.ide.mcu.externaltools.gnu-tools-for-stm32.9-2020-q2-update.win32_2.0.0.202105311346/tools/bin/../lib/gcc/arm-none-eabi/9.3.1/../../../../arm-none-eabi/lib/thumb/v7e-m+fp/hard\libc_nano.a(lib_a-impure.o)
                              c:/st/stm32cubeide_1.8.0/stm32cubeide/plugins/com.st.stm32cube.ide.mcu.externaltools.gnu-tools-for-stm32.9-2020-q2-update.win32_2.0.0.202105311346/tools/bin/../lib/gcc/arm-none-eabi/9.3.1/../../../../arm-none-eabi/lib/thumb/v7e-m+fp/hard\libc_nano.a(lib_a-exit.o) (_global_impure_ptr)
c:/st/stm32cubeide_1.8.0/stm32cubeide/plugins/com.st.stm32cube.ide.mcu.externaltools.gnu-tools-for-stm32.9-2020-q2-update.win32_2.0.0.202105311346/tools/bin/../lib/gcc/arm-none-eabi/9.3.1/../../../../arm-none-eabi/lib/thumb/v7e-m+fp/hard\libc_nano.a(lib_a-init.o)
                              c:/st/stm32cubeide_1.8.0/stm32cubeide/plugins/com.st.stm32cube.ide.mcu.externaltools.gnu-tools-for-stm32.9-2020-q2-update.win32_2.0.0.202105311346/tools/bin/../lib/gcc/arm-none-eabi/9.3.1/../../../../arm-none-eabi/lib/thumb/v7e-m+fp/hard/crt0.o (__libc_init_array)
c:/st/stm32cubeide_1.8.0/stm32cubeide/plugins/com.st.stm32cube.ide.mcu.externaltools.gnu-tools-for-stm32.9-2020-q2-update.win32_2.0.0.202105311346/tools/bin/../lib/gcc/arm-none-eabi/9.3.1/../../../../arm-none-eabi/lib/thumb/v7e-m+fp/hard\libc_nano.a(lib_a-memset.o)
                              c:/st/stm32cubeide_1.8.0/stm32cubeide/plugins/com.st.stm32cube.ide.mcu.externaltools.gnu-tools-for-stm32.9-2020-q2-update.win32_2.0.0.202105311346/tools/bin/../lib/gcc/arm-none-eabi/9.3.1/../../../../arm-none-eabi/lib/thumb/v7e-m+fp/hard/crt0.o (memset)
c:/st/stm32cubeide_1.8.0/stm32cubeide/plugins/com.st.stm32cube.ide.mcu.externaltools.gnu-tools-for-stm32.9-2020-q2-update.win32_2.0.0.202105311346/tools/bin/../lib/gcc/arm-none-eabi/9.3.1/../../../../arm-none-eabi/lib/thumb/v7e-m+fp/hard\libc_nano.a(lib_a-nano-vfprintf_float.o)
                              (_printf_float)
c:/st/stm32cubeide_1.8.0/stm32cubeide/plugins/com.st.stm32cube.ide.mcu.externaltools.gnu-tools-for-stm32.9-2020-q2-update.win32_2.0.0.202105311346/tools/bin/../lib/gcc/arm-none-eabi/9.3.1/../../../../arm-none-eabi/lib/thumb/v7e-m+fp/hard\libc_nano.a(lib_a-nano-vfprintf_i.o)
                              c:/st/stm32cubeide_1.8.0/stm32cubeide/plugins/com.st.stm32cube.ide.mcu.externaltools.gnu-tools-for-stm32.9-2020-q2-update.win32_2.0.0.202105311346/tools/bin/../lib/gcc/arm-none-eabi/9.3.1/../../../../arm-none-eabi/lib/thumb/v7e-m+fp/hard\libc_nano.a(lib_a-nano-vfprintf_float.o) (_printf_common)
c:/st/stm32cubeide_1.8.0/stm32cubeide/plugins/com.st.stm32cube.ide.mcu.externaltools.gnu-tools-for-stm32.9-2020-q2-update.win32_2.0.0.202105311346/tools/bin/../lib/gcc/arm-none-eabi/9.3.1/../../../../arm-none-eabi/lib/thumb/v7e-m+fp/hard\libc_nano.a(lib_a-nano-vfscanf_float.o)
                              (_scanf_float)
c:/st/stm32cubeide_1.8.0/stm32cubeide/plugins/com.st.stm32cube.ide.mcu.externaltools.gnu-tools-for-stm32.9-2020-q2-update.win32_2.0.0.202105311346/tools/bin/../lib/gcc/arm-none-eabi/9.3.1/../../../../arm-none-eabi/lib/thumb/v7e-m+fp/hard\libc_nano.a(lib_a-printf.o)
                              ./Core/Src/main.o (printf)
c:/st/stm32cubeide_1.8.0/stm32cubeide/plugins/com.st.stm32cube.ide.mcu.externaltools.gnu-tools-for-stm32.9-2020-q2-update.win32_2.0.0.202105311346/tools/bin/../lib/gcc/arm-none-eabi/9.3.1/../../../../arm-none-eabi/lib/thumb/v7e-m+fp/hard\libc_nano.a(lib_a-sf_nan.o)
                              c:/st/stm32cubeide_1.8.0/stm32cubeide/plugins/com.st.stm32cube.ide.mcu.externaltools.gnu-tools-for-stm32.9-2020-q2-update.win32_2.0.0.202105311346/tools/bin/../lib/gcc/arm-none-eabi/9.3.1/../../../../arm-none-eabi/lib/thumb/v7e-m+fp/hard\libc_nano.a(lib_a-nano-vfscanf_float.o) (nanf)
[...]
Memory Configuration

Name             Origin             Length             Attributes
CCMRAM           0x0000000010000000 0x0000000000001000 xrw
RAM              0x0000000020000000 0x0000000000003000 xrw
FLASH            0x0000000008000000 0x0000000000010000 xr
*default*        0x0000000000000000 0xffffffffffffffff

Linker script and memory map

LOAD c:/st/stm32cubeide_1.8.0/stm32cubeide/plugins/com.st.stm32cube.ide.mcu.externaltools.gnu-tools-for-stm32.9-2020-q2-update.win32_2.0.0.202105311346/tools/bin/../lib/gcc/arm-none-eabi/9.3.1/thumb/v7e-m+fp/hard/crti.o
LOAD c:/st/stm32cubeide_1.8.0/stm32cubeide/plugins/com.st.stm32cube.ide.mcu.externaltools.gnu-tools-for-stm32.9-2020-q2-update.win32_2.0.0.202105311346/tools/bin/../lib/gcc/arm-none-eabi/9.3.1/thumb/v7e-m+fp/hard/crtbegin.o
LOAD c:/st/stm32cubeide_1.8.0/stm32cubeide/plugins/com.st.stm32cube.ide.mcu.externaltools.gnu-tools-for-stm32.9-2020-q2-update.win32_2.0.0.202105311346/tools/bin/../lib/gcc/arm-none-eabi/9.3.1/../../../../arm-none-eabi/lib/thumb/v7e-m+fp/hard/crt0.o
LOAD ./Core/Src/bmx.o
LOAD ./Core/Src/fatfs_sd.o
LOAD ./Core/Src/main.o
LOAD ./Core/Src/stm32f3xx_hal_msp.o
LOAD ./Core/Src/stm32f3xx_it.o
LOAD ./Core/Src/syscalls.o
LOAD ./Core/Src/sysmem.o
LOAD ./Core/Src/system_stm32f3xx.o
LOAD ./Core/Startup/startup_stm32f303k8tx.o
LOAD ./Drivers/STM32F3xx_HAL_Driver/Src/stm32f3xx_hal.o
LOAD ./Drivers/STM32F3xx_HAL_Driver/Src/stm32f3xx_hal_cortex.o
LOAD ./Drivers/STM32F3xx_HAL_Driver/Src/stm32f3xx_hal_dma.o
LOAD ./Drivers/STM32F3xx_HAL_Driver/Src/stm32f3xx_hal_exti.o
LOAD ./Drivers/STM32F3xx_HAL_Driver/Src/stm32f3xx_hal_flash.o
LOAD ./Drivers/STM32F3xx_HAL_Driver/Src/stm32f3xx_hal_flash_ex.o
LOAD ./Drivers/STM32F3xx_HAL_Driver/Src/stm32f3xx_hal_gpio.o
LOAD ./Drivers/STM32F3xx_HAL_Driver/Src/stm32f3xx_hal_i2c.o
LOAD ./Drivers/STM32F3xx_HAL_Driver/Src/stm32f3xx_hal_i2c_ex.o
LOAD ./Drivers/STM32F3xx_HAL_Driver/Src/stm32f3xx_hal_pwr.o
LOAD ./Drivers/STM32F3xx_HAL_Driver/Src/stm32f3xx_hal_pwr_ex.o
LOAD ./Drivers/STM32F3xx_HAL_Driver/Src/stm32f3xx_hal_rcc.o
LOAD ./Drivers/STM32F3xx_HAL_Driver/Src/stm32f3xx_hal_rcc_ex.o
LOAD ./Drivers/STM32F3xx_HAL_Driver/Src/stm32f3xx_hal_spi.o
LOAD ./Drivers/STM32F3xx_HAL_Driver/Src/stm32f3xx_hal_spi_ex.o
LOAD ./Drivers/STM32F3xx_HAL_Driver/Src/stm32f3xx_hal_tim.o
LOAD ./Drivers/STM32F3xx_HAL_Driver/Src/stm32f3xx_hal_tim_ex.o
LOAD ./FATFS/App/fatfs.o
LOAD ./FATFS/Target/user_diskio.o
LOAD ./Middlewares/Third_Party/FatFs/src/diskio.o
LOAD ./Middlewares/Third_Party/FatFs/src/ff.o
LOAD ./Middlewares/Third_Party/FatFs/src/ff_gen_drv.o
LOAD ./Middlewares/Third_Party/FatFs/src/option/syscall.o
START GROUP
LOAD c:/st/stm32cubeide_1.8.0/stm32cubeide/plugins/com.st.stm32cube.ide.mcu.externaltools.gnu-tools-for-stm32.9-2020-q2-update.win32_2.0.0.202105311346/tools/bin/../lib/gcc/arm-none-eabi/9.3.1/../../../../arm-none-eabi/lib/thumb/v7e-m+fp/hard\libc_nano.a
LOAD c:/st/stm32cubeide_1.8.0/stm32cubeide/plugins/com.st.stm32cube.ide.mcu.externaltools.gnu-tools-for-stm32.9-2020-q2-update.win32_2.0.0.202105311346/tools/bin/../lib/gcc/arm-none-eabi/9.3.1/../../../../arm-none-eabi/lib/thumb/v7e-m+fp/hard\libm.a
END GROUP
START GROUP
LOAD c:/st/stm32cubeide_1.8.0/stm32cubeide/plugins/com.st.stm32cube.ide.mcu.externaltools.gnu-tools-for-stm32.9-2020-q2-update.win32_2.0.0.202105311346/tools/bin/../lib/gcc/arm-none-eabi/9.3.1/thumb/v7e-m+fp/hard\libgcc.a
LOAD c:/st/stm32cubeide_1.8.0/stm32cubeide/plugins/com.st.stm32cube.ide.mcu.externaltools.gnu-tools-for-stm32.9-2020-q2-update.win32_2.0.0.202105311346/tools/bin/../lib/gcc/arm-none-eabi/9.3.1/../../../../arm-none-eabi/lib/thumb/v7e-m+fp/hard\libc_nano.a
END GROUP
START GROUP
LOAD c:/st/stm32cubeide_1.8.0/stm32cubeide/plugins/com.st.stm32cube.ide.mcu.externaltools.gnu-tools-for-stm32.9-2020-q2-update.win32_2.0.0.202105311346/tools/bin/../lib/gcc/arm-none-eabi/9.3.1/thumb/v7e-m+fp/hard\libgcc.a
LOAD c:/st/stm32cubeide_1.8.0/stm32cubeide/plugins/com.st.stm32cube.ide.mcu.externaltools.gnu-tools-for-stm32.9-2020-q2-update.win32_2.0.0.202105311346/tools/bin/../lib/gcc/arm-none-eabi/9.3.1/../../../../arm-none-eabi/lib/thumb/v7e-m+fp/hard\libc_nano.a
LOAD c:/st/stm32cubeide_1.8.0/stm32cubeide/plugins/com.st.stm32cube.ide.mcu.externaltools.gnu-tools-for-stm32.9-2020-q2-update.win32_2.0.0.202105311346/tools/bin/../lib/gcc/arm-none-eabi/9.3.1/../../../../arm-none-eabi/lib/thumb/v7e-m+fp/hard\libnosys.a
END GROUP
START GROUP
LOAD c:/st/stm32cubeide_1.8.0/stm32cubeide/plugins/com.st.stm32cube.ide.mcu.externaltools.gnu-tools-for-stm32.9-2020-q2-update.win32_2.0.0.202105311346/tools/bin/../lib/gcc/arm-none-eabi/9.3.1/thumb/v7e-m+fp/hard\libgcc.a
LOAD c:/st/stm32cubeide_1.8.0/stm32cubeide/plugins/com.st.stm32cube.ide.mcu.externaltools.gnu-tools-for-stm32.9-2020-q2-update.win32_2.0.0.202105311346/tools/bin/../lib/gcc/arm-none-eabi/9.3.1/../../../../arm-none-eabi/lib/thumb/v7e-m+fp/hard\libc_nano.a
LOAD c:/st/stm32cubeide_1.8.0/stm32cubeide/plugins/com.st.stm32cube.ide.mcu.externaltools.gnu-tools-for-stm32.9-2020-q2-update.win32_2.0.0.202105311346/tools/bin/../lib/gcc/arm-none-eabi/9.3.1/../../../../arm-none-eabi/lib/thumb/v7e-m+fp/hard\libnosys.a
END GROUP
LOAD c:/st/stm32cubeide_1.8.0/stm32cubeide/plugins/com.st.stm32cube.ide.mcu.externaltools.gnu-tools-for-stm32.9-2020-q2-update.win32_2.0.0.202105311346/tools/bin/../lib/gcc/arm-none-eabi/9.3.1/thumb/v7e-m+fp/hard/crtend.o
LOAD c:/st/stm32cubeide_1.8.0/stm32cubeide/plugins/com.st.stm32cube.ide.mcu.externaltools.gnu-tools-for-stm32.9-2020-q2-update.win32_2.0.0.202105311346/tools/bin/../lib/gcc/arm-none-eabi/9.3.1/thumb/v7e-m+fp/hard/crtn.o
                0x0000000020003000                _estack = (ORIGIN (RAM) + LENGTH (RAM))
                0x0000000000000200                _Min_Heap_Size = 0x200
                0x0000000000000400                _Min_Stack_Size = 0x400

.isr_vector     0x0000000008000000      0x188
                0x0000000008000000                . = ALIGN (0x4)
 *(.isr_vector)
 .isr_vector    0x0000000008000000      0x188 ./Core/Startup/startup_stm32f303k8tx.o
                0x0000000008000000                g_pfnVectors
                0x0000000008000188                . = ALIGN (0x4)

.text           0x0000000008000190     0xd4bc
                0x0000000008000190                . = ALIGN (0x4)
 *(.text)
 .text          0x0000000008000190       0x40 c:/st/stm32cubeide_1.8.0/stm32cubeide/plugins/com.st.stm32cube.ide.mcu.externaltools.gnu-tools-for-stm32.9-2020-q2-update.win32_2.0.0.202105311346/tools/bin/../lib/gcc/arm-none-eabi/9.3.1/thumb/v7e-m+fp/hard/crtbegin.o
 .text          0x00000000080001d0       0x10 c:/st/stm32cubeide_1.8.0/stm32cubeide/plugins/com.st.stm32cube.ide.mcu.externaltools.gnu-tools-for-stm32.9-2020-q2-update.win32_2.0.0.202105311346/tools/bin/../lib/gcc/arm-none-eabi/9.3.1/../../../../arm-none-eabi/lib/thumb/v7e-m+fp/hard\libc_nano.a(lib_a-strlen.o)
                0x00000000080001d0                strlen
 .text          0x00000000080001e0       0xa0 c:/st/stm32cubeide_1.8.0/stm32cubeide/plugins/com.st.stm32cube.ide.mcu.externaltools.gnu-tools-for-stm32.9-2020-q2-update.win32_2.0.0.202105311346/tools/bin/../lib/gcc/arm-none-eabi/9.3.1/../../../../arm-none-eabi/lib/thumb/v7e-m+fp/hard\libc_nano.a(lib_a-memchr.o)
                0x00000000080001e0                memchr
 .text          0x0000000008000280      0x378 c:/st/stm32cubeide_1.8.0/stm32cubeide/plugins/com.st.stm32cube.ide.mcu.externaltools.gnu-tools-for-stm32.9-2020-q2-update.win32_2.0.0.202105311346/tools/bin/../lib/gcc/arm-none-eabi/9.3.1/thumb/v7e-m+fp/hard\libgcc.a(_arm_addsubdf3.o)
                0x0000000008000280                __aeabi_drsub
                0x0000000008000288                __aeabi_dsub
                0x0000000008000288                __subdf3
                0x000000000800028c                __aeabi_dadd
                0x000000000800028c                __adddf3
                0x0000000008000504                __floatunsidf
                0x0000000008000504                __aeabi_ui2d
                0x0000000008000524                __floatsidf
                0x0000000008000524                __aeabi_i2d
                0x0000000008000548                __aeabi_f2d
                0x0000000008000548                __extendsfdf2
                0x000000000800058c                __floatundidf
                0x000000000800058c                __aeabi_ul2d
                0x000000000800059c                __floatdidf
                0x000000000800059c                __aeabi_l2d
 .text          0x00000000080005f8      0x424 c:/st/stm32cubeide_1.8.0/stm32cubeide/plugins/com.st.stm32cube.ide.mcu.externaltools.gnu-tools-for-stm32.9-2020-q2-update.win32_2.0.0.202105311346/tools/bin/../lib/gcc/arm-none-eabi/9.3.1/thumb/v7e-m+fp/hard\libgcc.a(_arm_muldivdf3.o)
                0x00000000080005f8                __aeabi_dmul
                0x00000000080005f8                __muldf3
                0x000000000800084c                __divdf3
                0x000000000800084c                __aeabi_ddiv
 .text          0x0000000008000a1c      0x110 c:/st/stm32cubeide_1.8.0/stm32cubeide/plugins/com.st.stm32cube.ide.mcu.externaltools.gnu-tools-for-stm32.9-2020-q2-update.win32_2.0.0.202105311346/tools/bin/../lib/gcc/arm-none-eabi/9.3.1/thumb/v7e-m+fp/hard\libgcc.a(_arm_cmpdf2.o)
                0x0000000008000a1c                __gtdf2
                0x0000000008000a1c                __gedf2
                0x0000000008000a24                __ltdf2
                0x0000000008000a24                __ledf2
                0x0000000008000a2c                __nedf2
                0x0000000008000a2c                __eqdf2
                0x0000000008000a2c                __cmpdf2
                0x0000000008000aa8                __aeabi_cdrcmple
                0x0000000008000ab8                __aeabi_cdcmpeq
                0x0000000008000ab8                __aeabi_cdcmple
                0x0000000008000ac8                __aeabi_dcmpeq
                0x0000000008000adc                __aeabi_dcmplt
                0x0000000008000af0                __aeabi_dcmple
                0x0000000008000b04                __aeabi_dcmpge
                0x0000000008000b18                __aeabi_dcmpgt
 .text          0x0000000008000b2c       0x2c c:/st/stm32cubeide_1.8.0/stm32cubeide/plugins/com.st.stm32cube.ide.mcu.externaltools.gnu-tools-for-stm32.9-2020-q2-update.win32_2.0.0.202105311346/tools/bin/../lib/gcc/arm-none-eabi/9.3.1/thumb/v7e-m+fp/hard\libgcc.a(_arm_unorddf2.o)
                0x0000000008000b2c                __unorddf2
                0x0000000008000b2c                __aeabi_dcmpun
 .text          0x0000000008000b58       0x50 c:/st/stm32cubeide_1.8.0/stm32cubeide/plugins/com.st.stm32cube.ide.mcu.externaltools.gnu-tools-for-stm32.9-2020-q2-update.win32_2.0.0.202105311346/tools/bin/../lib/gcc/arm-none-eabi/9.3.1/thumb/v7e-m+fp/hard\libgcc.a(_arm_fixdfsi.o)
                0x0000000008000b58                __aeabi_d2iz
                0x0000000008000b58                __fixdfsi
 .text          0x0000000008000ba8       0x40 c:/st/stm32cubeide_1.8.0/stm32cubeide/plugins/com.st.stm32cube.ide.mcu.externaltools.gnu-tools-for-stm32.9-2020-q2-update.win32_2.0.0.202105311346/tools/bin/../lib/gcc/arm-none-eabi/9.3.1/thumb/v7e-m+fp/hard\libgcc.a(_arm_fixunsdfsi.o)
                0x0000000008000ba8                __aeabi_d2uiz
                0x0000000008000ba8                __fixunsdfsi
 .text          0x0000000008000be8       0xa0 c:/st/stm32cubeide_1.8.0/stm32cubeide/plugins/com.st.stm32cube.ide.mcu.externaltools.gnu-tools-for-stm32.9-2020-q2-update.win32_2.0.0.202105311346/tools/bin/../lib/gcc/arm-none-eabi/9.3.1/thumb/v7e-m+fp/hard\libgcc.a(_arm_truncdfsf2.o)
                0x0000000008000be8                __truncdfsf2
                0x0000000008000be8                __aeabi_d2f
 .text          0x0000000008000c88       0x30 c:/st/stm32cubeide_1.8.0/stm32cubeide/plugins/com.st.stm32cube.ide.mcu.externaltools.gnu-tools-for-stm32.9-2020-q2-update.win32_2.0.0.202105311346/tools/bin/../lib/gcc/arm-none-eabi/9.3.1/thumb/v7e-m+fp/hard\libgcc.a(_fixdfdi.o)
                0x0000000008000c88                __fixdfdi
                0x0000000008000c88                __aeabi_d2lz
 .text          0x0000000008000cb8       0x3c c:/st/stm32cubeide_1.8.0/stm32cubeide/plugins/com.st.stm32cube.ide.mcu.externaltools.gnu-tools-for-stm32.9-2020-q2-update.win32_2.0.0.202105311346/tools/bin/../lib/gcc/arm-none-eabi/9.3.1/thumb/v7e-m+fp/hard\libgcc.a(_fixunsdfdi.o)
                0x0000000008000cb8                __fixunsdfdi
                0x0000000008000cb8                __aeabi_d2ulz
 *(.text*)
 .text.bmxRead8
                0x0000000008000cf4       0x40 ./Core/Src/bmx.o
                0x0000000008000cf4                bmxRead8
 .text.bmxWrite8
                0x0000000008000d34       0x48 ./Core/Src/bmx.o
                0x0000000008000d34                bmxWrite8
 .text.bmxBegin
                0x0000000008000d7c       0xf4 ./Core/Src/bmx.o
                0x0000000008000d7c                bmxBegin
 .text.read_bmx_accl
                0x0000000008000e70      0x184 ./Core/Src/bmx.o
                0x0000000008000e70                read_bmx_accl
 .text.read_bmx_gyro
                0x0000000008000ff4      0x160 ./Core/Src/bmx.o
                0x0000000008000ff4                read_bmx_gyro
 .text.read_bmx_mag
                0x0000000008001154      0x12c ./Core/Src/bmx.o
                0x0000000008001154                read_bmx_mag
 .text.SELECT   0x0000000008001280       0x14 ./Core/Src/fatfs_sd.o
 .text.DESELECT
                0x0000000008001294       0x14 ./Core/Src/fatfs_sd.o
 .text.SPI_TxByte
                0x00000000080012a8       0x34 ./Core/Src/fatfs_sd.o
 .text.SPI_RxByte
                0x00000000080012dc       0x3c ./Core/Src/fatfs_sd.o
 .text.SPI_RxBytePtr
                0x0000000008001318       0x1c ./Core/Src/fatfs_sd.o
 .text.SD_ReadyWait
                0x0000000008001334       0x38 ./Core/Src/fatfs_sd.o
 .text.SD_PowerOn
                0x000000000800136c       0x98 ./Core/Src/fatfs_sd.o
 .text.SD_PowerOff
                0x0000000008001404       0x18 ./Core/Src/fatfs_sd.o
 .text.SD_CheckPower
                0x000000000800141c       0x18 ./Core/Src/fatfs_sd.o
 .text.SD_RxDataBlock
                0x0000000008001434       0x6c ./Core/Src/fatfs_sd.o
 .text.SD_TxDataBlock
                0x00000000080014a0       0xa8 ./Core/Src/fatfs_sd.o
 .text.SD_SendCmd
                0x0000000008001548       0xa4 ./Core/Src/fatfs_sd.o
 .text.SD_disk_initialize
                0x00000000080015ec      0x1d4 ./Core/Src/fatfs_sd.o
                0x00000000080015ec                SD_disk_initialize
 .text.SD_disk_status
                0x00000000080017c0       0x2c ./Core/Src/fatfs_sd.o
                0x00000000080017c0                SD_disk_status
 .text.SD_disk_read
                0x00000000080017ec       0xd4 ./Core/Src/fatfs_sd.o
                0x00000000080017ec                SD_disk_read
 .text.SD_disk_write
                0x00000000080018c0      0x108 ./Core/Src/fatfs_sd.o
                0x00000000080018c0                SD_disk_write
 .text.SD_disk_ioctl
                0x00000000080019c8      0x264 ./Core/Src/fatfs_sd.o
                0x00000000080019c8                SD_disk_ioctl
 .text.ITM_SendChar
                0x0000000008001c2c       0x4e ./Core/Src/main.o
 *fill*         0x0000000008001c7a        0x2 
 .text.main     0x0000000008001c7c      0x1e4 ./Core/Src/main.o
                0x0000000008001c7c                main
 .text.SystemClock_Config
                0x0000000008001e60       0xae ./Core/Src/main.o
                0x0000000008001e60                SystemClock_Config
 *fill*         0x0000000008001f0e        0x2 
 .text.MX_I2C1_Init
                0x0000000008001f10       0x80 ./Core/Src/main.o
 .text.MX_SPI1_Init
                0x0000000008001f90       0x7c ./Core/Src/main.o
 .text.MX_TIM3_Init
                0x000000000800200c       0x9c ./Core/Src/main.o
 .text.MX_GPIO_Init
                0x00000000080020a8       0x7c ./Core/Src/main.o
 .text._write   0x0000000008002124       0x38 ./Core/Src/main.o
                0x0000000008002124                _write
 .text.Error_Handler
                0x000000000800215c        0xa ./Core/Src/main.o
                0x000000000800215c                Error_Handler
 *fill*         0x0000000008002166        0x2 
 .text.HAL_MspInit
                0x0000000008002168       0x48 ./Core/Src/stm32f3xx_hal_msp.o
                0x0000000008002168                HAL_MspInit
 .text.HAL_I2C_MspInit
                0x00000000080021b0       0xc4 ./Core/Src/stm32f3xx_hal_msp.o
                0x00000000080021b0                HAL_I2C_MspInit
 .text.HAL_SPI_MspInit
                0x0000000008002274       0xa8 ./Core/Src/stm32f3xx_hal_msp.o
                0x0000000008002274                HAL_SPI_MspInit
 .text.HAL_TIM_Base_MspInit
                0x000000000800231c       0x40 ./Core/Src/stm32f3xx_hal_msp.o
                0x000000000800231c                HAL_TIM_Base_MspInit
 .text.SDTimer_Handler
                0x000000000800235c       0x48 ./Core/Src/stm32f3xx_it.o
                0x000000000800235c                SDTimer_Handler
 .text.NMI_Handler
                0x00000000080023a4        0x6 ./Core/Src/stm32f3xx_it.o
                0x00000000080023a4                NMI_Handler
 .text.HardFault_Handler
                0x00000000080023aa        0x6 ./Core/Src/stm32f3xx_it.o
                0x00000000080023aa                HardFault_Handler
 .text.MemManage_Handler
                0x00000000080023b0        0x6 ./Core/Src/stm32f3xx_it.o
                0x00000000080023b0                MemManage_Handler
 .text.BusFault_Handler
                0x00000000080023b6        0x6 ./Core/Src/stm32f3xx_it.o
                0x00000000080023b6                BusFault_Handler
 .text.UsageFault_Handler
                0x00000000080023bc        0x6 ./Core/Src/stm32f3xx_it.o
                0x00000000080023bc                UsageFault_Handler
 .text.SVC_Handler
                0x00000000080023c2        0xe ./Core/Src/stm32f3xx_it.o
                0x00000000080023c2                SVC_Handler
 .text.DebugMon_Handler
                0x00000000080023d0        0xe ./Core/Src/stm32f3xx_it.o
                0x00000000080023d0                DebugMon_Handler
 .text.PendSV_Handler
                0x00000000080023de        0xe ./Core/Src/stm32f3xx_it.o
                0x00000000080023de                PendSV_Handler
 .text.SysTick_Handler
                0x00000000080023ec       0x34 ./Core/Src/stm32f3xx_it.o
                0x00000000080023ec                SysTick_Handler
 .text._getpid  0x0000000008002420       0x10 ./Core/Src/syscalls.o
                0x0000000008002420                _getpid
 .text._kill    0x0000000008002430       0x20 ./Core/Src/syscalls.o
                0x0000000008002430                _kill
 .text._exit    0x0000000008002450       0x14 ./Core/Src/syscalls.o
                0x0000000008002450                _exit
 .text._read    0x0000000008002464       0x3a ./Core/Src/syscalls.o
                0x0000000008002464                _read
 .text._close   0x000000000800249e       0x18 ./Core/Src/syscalls.o
                0x000000000800249e                _close
 .text._fstat   0x00000000080024b6       0x20 ./Core/Src/syscalls.o
                0x00000000080024b6                _fstat
 .text._isatty  0x00000000080024d6       0x16 ./Core/Src/syscalls.o
                0x00000000080024d6                _isatty
 .text._lseek   0x00000000080024ec       0x1a ./Core/Src/syscalls.o
                0x00000000080024ec                _lseek
 *fill*         0x0000000008002506        0x2 
 .text._sbrk    0x0000000008002508       0x6c ./Core/Src/sysmem.o
                0x0000000008002508                _sbrk
 .text.SystemInit
                0x0000000008002574       0x24 ./Core/Src/system_stm32f3xx.o
                0x0000000008002574                SystemInit
 .text.Reset_Handler
                0x0000000008002598       0x50 ./Core/Startup/startup_stm32f303k8tx.o
                0x0000000008002598                Reset_Handler
 .text.Default_Handler
                0x00000000080025e8        0x2 ./Core/Startup/startup_stm32f303k8tx.o
                0x00000000080025e8                RTC_Alarm_IRQHandler
                0x00000000080025e8                TIM1_CC_IRQHandler
                0x00000000080025e8                PVD_IRQHandler
                0x00000000080025e8                TAMP_STAMP_IRQHandler
                0x00000000080025e8                EXTI3_IRQHandler
                0x00000000080025e8                EXTI0_IRQHandler
                0x00000000080025e8                FPU_IRQHandler
                0x00000000080025e8                CAN_TX_IRQHandler
                0x00000000080025e8                TIM1_UP_TIM16_IRQHandler
                0x00000000080025e8                ADC1_2_IRQHandler
                0x00000000080025e8                SPI1_IRQHandler
                0x00000000080025e8                CAN_SCE_IRQHandler
                0x00000000080025e8                DMA1_Channel4_IRQHandler
                0x00000000080025e8                USART3_IRQHandler
                0x00000000080025e8                DMA1_Channel7_IRQHandler
                0x00000000080025e8                TIM7_DAC2_IRQHandler
                0x00000000080025e8                CAN_RX1_IRQHandler
                0x00000000080025e8                I2C1_EV_IRQHandler
                0x00000000080025e8                DMA1_Channel6_IRQHandler
                0x00000000080025e8                TIM3_IRQHandler
                0x00000000080025e8                RCC_IRQHandler
                0x00000000080025e8                DMA1_Channel1_IRQHandler
                0x00000000080025e8                Default_Handler
                0x00000000080025e8                EXTI15_10_IRQHandler
                0x00000000080025e8                COMP2_IRQHandler
                0x00000000080025e8                TIM6_DAC1_IRQHandler
                0x00000000080025e8                EXTI9_5_IRQHandler
                0x00000000080025e8                RTC_WKUP_IRQHandler
                0x00000000080025e8                DMA1_Channel5_IRQHandler
                0x00000000080025e8                EXTI4_IRQHandler
                0x00000000080025e8                TIM1_TRG_COM_TIM17_IRQHandler
                0x00000000080025e8                DMA1_Channel3_IRQHandler
                0x00000000080025e8                WWDG_IRQHandler
                0x00000000080025e8                TIM2_IRQHandler
                0x00000000080025e8                EXTI1_IRQHandler
                0x00000000080025e8                COMP4_6_IRQHandler
                0x00000000080025e8                USART2_IRQHandler
                0x00000000080025e8                DMA1_Channel2_IRQHandler
                0x00000000080025e8                FLASH_IRQHandler
                0x00000000080025e8                USART1_IRQHandler
                0x00000000080025e8                CAN_RX0_IRQHandler
                0x00000000080025e8                I2C1_ER_IRQHandler
                0x00000000080025e8                EXTI2_TSC_IRQHandler
                0x00000000080025e8                TIM1_BRK_TIM15_IRQHandler
 *fill*         0x00000000080025ea        0x2 
 .text.HAL_Init
                0x00000000080025ec       0x2c ./Drivers/STM32F3xx_HAL_Driver/Src/stm32f3xx_hal.o
                0x00000000080025ec                HAL_Init
 .text.HAL_InitTick
                0x0000000008002618       0x60 ./Drivers/STM32F3xx_HAL_Driver/Src/stm32f3xx_hal.o
                0x0000000008002618                HAL_InitTick
 .text.HAL_IncTick
                0x0000000008002678       0x28 ./Drivers/STM32F3xx_HAL_Driver/Src/stm32f3xx_hal.o
                0x0000000008002678                HAL_IncTick
 .text.HAL_GetTick
                0x00000000080026a0       0x18 ./Drivers/STM32F3xx_HAL_Driver/Src/stm32f3xx_hal.o
                0x00000000080026a0                HAL_GetTick
 .text.HAL_Delay
                0x00000000080026b8       0x48 ./Drivers/STM32F3xx_HAL_Driver/Src/stm32f3xx_hal.o
                0x00000000080026b8                HAL_Delay
 .text.__NVIC_SetPriorityGrouping
                0x0000000008002700       0x48 ./Drivers/STM32F3xx_HAL_Driver/Src/stm32f3xx_hal_cortex.o
 .text.__NVIC_GetPriorityGrouping
                0x0000000008002748       0x1c ./Drivers/STM32F3xx_HAL_Driver/Src/stm32f3xx_hal_cortex.o
 .text.__NVIC_SetPriority
                0x0000000008002764       0x54 ./Drivers/STM32F3xx_HAL_Driver/Src/stm32f3xx_hal_cortex.o
 .text.NVIC_EncodePriority
                0x00000000080027b8       0x66 ./Drivers/STM32F3xx_HAL_Driver/Src/stm32f3xx_hal_cortex.o
 *fill*         0x000000000800281e        0x2 
 .text.SysTick_Config
                0x0000000008002820       0x44 ./Drivers/STM32F3xx_HAL_Driver/Src/stm32f3xx_hal_cortex.o
 .text.HAL_NVIC_SetPriorityGrouping
                0x0000000008002864       0x16 ./Drivers/STM32F3xx_HAL_Driver/Src/stm32f3xx_hal_cortex.o
                0x0000000008002864                HAL_NVIC_SetPriorityGrouping
 .text.HAL_NVIC_SetPriority
                0x000000000800287a       0x38 ./Drivers/STM32F3xx_HAL_Driver/Src/stm32f3xx_hal_cortex.o
                0x000000000800287a                HAL_NVIC_SetPriority
 .text.HAL_SYSTICK_Config
                0x00000000080028b2       0x18 ./Drivers/STM32F3xx_HAL_Driver/Src/stm32f3xx_hal_cortex.o
                0x00000000080028b2                HAL_SYSTICK_Config
 *fill*         0x00000000080028ca        0x2 
 .text.HAL_GPIO_Init
                0x00000000080028cc      0x2e4 ./Drivers/STM32F3xx_HAL_Driver/Src/stm32f3xx_hal_gpio.o
                0x00000000080028cc                HAL_GPIO_Init
 .text.HAL_GPIO_WritePin
                0x0000000008002bb0       0x30 ./Drivers/STM32F3xx_HAL_Driver/Src/stm32f3xx_hal_gpio.o
                0x0000000008002bb0                HAL_GPIO_WritePin
 .text.HAL_I2C_Init
                0x0000000008002be0      0x11e ./Drivers/STM32F3xx_HAL_Driver/Src/stm32f3xx_hal_i2c.o
                0x0000000008002be0                HAL_I2C_Init
 *fill*         0x0000000008002cfe        0x2 
 .text.HAL_I2C_Mem_Write
                0x0000000008002d00      0x228 ./Drivers/STM32F3xx_HAL_Driver/Src/stm32f3xx_hal_i2c.o
                0x0000000008002d00                HAL_I2C_Mem_Write
 .text.HAL_I2C_Mem_Read
                0x0000000008002f28      0x234 ./Drivers/STM32F3xx_HAL_Driver/Src/stm32f3xx_hal_i2c.o
                0x0000000008002f28                HAL_I2C_Mem_Read
 .text.I2C_RequestMemoryWrite
                0x000000000800315c       0xa8 ./Drivers/STM32F3xx_HAL_Driver/Src/stm32f3xx_hal_i2c.o
 .text.I2C_RequestMemoryRead
                0x0000000008003204       0xa8 ./Drivers/STM32F3xx_HAL_Driver/Src/stm32f3xx_hal_i2c.o
 .text.I2C_Flush_TXDR
                0x00000000080032ac       0x48 ./Drivers/STM32F3xx_HAL_Driver/Src/stm32f3xx_hal_i2c.o
 .text.I2C_WaitOnFlagUntilTimeout
                0x00000000080032f4       0x9e ./Drivers/STM32F3xx_HAL_Driver/Src/stm32f3xx_hal_i2c.o
 .text.I2C_WaitOnTXISFlagUntilTimeout
                0x0000000008003392       0x8e ./Drivers/STM32F3xx_HAL_Driver/Src/stm32f3xx_hal_i2c.o
 .text.I2C_WaitOnSTOPFlagUntilTimeout
                0x0000000008003420       0x86 ./Drivers/STM32F3xx_HAL_Driver/Src/stm32f3xx_hal_i2c.o
 *fill*         0x00000000080034a6        0x2 
 .text.I2C_IsErrorOccurred
                0x00000000080034a8      0x1c0 ./Drivers/STM32F3xx_HAL_Driver/Src/stm32f3xx_hal_i2c.o
 .text.I2C_TransferConfig
                0x0000000008003668       0x64 ./Drivers/STM32F3xx_HAL_Driver/Src/stm32f3xx_hal_i2c.o
 .text.HAL_I2CEx_ConfigAnalogFilter
                0x00000000080036cc       0x96 ./Drivers/STM32F3xx_HAL_Driver/Src/stm32f3xx_hal_i2c_ex.o
                0x00000000080036cc                HAL_I2CEx_ConfigAnalogFilter
 .text.HAL_I2CEx_ConfigDigitalFilter
                0x0000000008003762       0x98 ./Drivers/STM32F3xx_HAL_Driver/Src/stm32f3xx_hal_i2c_ex.o
                0x0000000008003762                HAL_I2CEx_ConfigDigitalFilter
 *fill*         0x00000000080037fa        0x2 
 .text.HAL_RCC_OscConfig
                0x00000000080037fc      0xe10 ./Drivers/STM32F3xx_HAL_Driver/Src/stm32f3xx_hal_rcc.o
                0x00000000080037fc                HAL_RCC_OscConfig
 .text.HAL_RCC_ClockConfig
                0x000000000800460c      0x2f8 ./Drivers/STM32F3xx_HAL_Driver/Src/stm32f3xx_hal_rcc.o
                0x000000000800460c                HAL_RCC_ClockConfig
 .text.HAL_RCC_GetSysClockFreq
                0x0000000008004904       0xd4 ./Drivers/STM32F3xx_HAL_Driver/Src/stm32f3xx_hal_rcc.o
                0x0000000008004904                HAL_RCC_GetSysClockFreq
 .text.HAL_RCCEx_PeriphCLKConfig
                0x00000000080049d8      0x24c ./Drivers/STM32F3xx_HAL_Driver/Src/stm32f3xx_hal_rcc_ex.o
                0x00000000080049d8                HAL_RCCEx_PeriphCLKConfig
 .text.HAL_SPI_Init
                0x0000000008004c24      0x146 ./Drivers/STM32F3xx_HAL_Driver/Src/stm32f3xx_hal_spi.o
                0x0000000008004c24                HAL_SPI_Init
 .text.HAL_SPI_Transmit
                0x0000000008004d6a      0x2ea ./Drivers/STM32F3xx_HAL_Driver/Src/stm32f3xx_hal_spi.o
                0x0000000008004d6a                HAL_SPI_Transmit
 .text.HAL_SPI_TransmitReceive
                0x0000000008005054      0x444 ./Drivers/STM32F3xx_HAL_Driver/Src/stm32f3xx_hal_spi.o
                0x0000000008005054                HAL_SPI_TransmitReceive
 .text.HAL_SPI_GetState
                0x0000000008005498       0x1c ./Drivers/STM32F3xx_HAL_Driver/Src/stm32f3xx_hal_spi.o
                0x0000000008005498                HAL_SPI_GetState
 .text.SPI_WaitFlagStateUntilTimeout
                0x00000000080054b4      0x110 ./Drivers/STM32F3xx_HAL_Driver/Src/stm32f3xx_hal_spi.o
 .text.SPI_WaitFifoStateUntilTimeout
                0x00000000080055c4      0x12c ./Drivers/STM32F3xx_HAL_Driver/Src/stm32f3xx_hal_spi.o
 .text.SPI_EndRxTxTransaction
                0x00000000080056f0       0x8c ./Drivers/STM32F3xx_HAL_Driver/Src/stm32f3xx_hal_spi.o
 .text.HAL_TIM_Base_Init
                0x000000000800577c       0xae ./Drivers/STM32F3xx_HAL_Driver/Src/stm32f3xx_hal_tim.o
                0x000000000800577c                HAL_TIM_Base_Init
 *fill*         0x000000000800582a        0x2 
 .text.HAL_TIM_Base_Start_IT
                0x000000000800582c       0xb8 ./Drivers/STM32F3xx_HAL_Driver/Src/stm32f3xx_hal_tim.o
                0x000000000800582c                HAL_TIM_Base_Start_IT
 .text.HAL_TIM_ConfigClockSource
                0x00000000080058e4      0x192 ./Drivers/STM32F3xx_HAL_Driver/Src/stm32f3xx_hal_tim.o
                0x00000000080058e4                HAL_TIM_ConfigClockSource
 *fill*         0x0000000008005a76        0x2 
 .text.TIM_Base_SetConfig
                0x0000000008005a78       0xf0 ./Drivers/STM32F3xx_HAL_Driver/Src/stm32f3xx_hal_tim.o
                0x0000000008005a78                TIM_Base_SetConfig
 .text.TIM_TI1_ConfigInputStage
                0x0000000008005b68       0x5e ./Drivers/STM32F3xx_HAL_Driver/Src/stm32f3xx_hal_tim.o
 .text.TIM_TI2_ConfigInputStage
                0x0000000008005bc6       0x60 ./Drivers/STM32F3xx_HAL_Driver/Src/stm32f3xx_hal_tim.o
 .text.TIM_ITRx_SetConfig
                0x0000000008005c26       0x36 ./Drivers/STM32F3xx_HAL_Driver/Src/stm32f3xx_hal_tim.o
 .text.TIM_ETR_SetConfig
                0x0000000008005c5c       0x40 ./Drivers/STM32F3xx_HAL_Driver/Src/stm32f3xx_hal_tim.o
                0x0000000008005c5c                TIM_ETR_SetConfig
 .text.HAL_TIMEx_MasterConfigSynchronization
                0x0000000008005c9c       0xdc ./Drivers/STM32F3xx_HAL_Driver/Src/stm32f3xx_hal_tim_ex.o
                0x0000000008005c9c                HAL_TIMEx_MasterConfigSynchronization
 .text.MX_FATFS_Init
                0x0000000008005d78       0x24 ./FATFS/App/fatfs.o
                0x0000000008005d78                MX_FATFS_Init
 .text.get_fattime
                0x0000000008005d9c       0x10 ./FATFS/App/fatfs.o
                0x0000000008005d9c                get_fattime
 .text.USER_initialize
                0x0000000008005dac       0x1c ./FATFS/Target/user_diskio.o
                0x0000000008005dac                USER_initialize
 .text.USER_status
                0x0000000008005dc8       0x1c ./FATFS/Target/user_diskio.o
                0x0000000008005dc8                USER_status
 .text.USER_read
                0x0000000008005de4       0x26 ./FATFS/Target/user_diskio.o
                0x0000000008005de4                USER_read
 .text.USER_write
                0x0000000008005e0a       0x26 ./FATFS/Target/user_diskio.o
                0x0000000008005e0a                USER_write
 .text.USER_ioctl
                0x0000000008005e30       0x26 ./FATFS/Target/user_diskio.o
                0x0000000008005e30                USER_ioctl
 *fill*         0x0000000008005e56        0x2 
 .text.disk_status
                0x0000000008005e58       0x34 ./Middlewares/Third_Party/FatFs/src/diskio.o
                0x0000000008005e58                disk_status
 .text.disk_initialize
                0x0000000008005e8c       0x4c ./Middlewares/Third_Party/FatFs/src/diskio.o
                0x0000000008005e8c                disk_initialize
 .text.disk_read
                0x0000000008005ed8       0x40 ./Middlewares/Third_Party/FatFs/src/diskio.o
                0x0000000008005ed8                disk_read
 .text.disk_write
                0x0000000008005f18       0x40 ./Middlewares/Third_Party/FatFs/src/diskio.o
                0x0000000008005f18                disk_write
 .text.disk_ioctl
                0x0000000008005f58       0x3c ./Middlewares/Third_Party/FatFs/src/diskio.o
                0x0000000008005f58                disk_ioctl
 .text.mem_cpy  0x0000000008005f94       0x3e ./Middlewares/Third_Party/FatFs/src/ff.o
 .text.mem_set  0x0000000008005fd2       0x36 ./Middlewares/Third_Party/FatFs/src/ff.o
 .text.mem_cmp  0x0000000008006008       0x4e ./Middlewares/Third_Party/FatFs/src/ff.o
 .text.chk_chr  0x0000000008006056       0x36 ./Middlewares/Third_Party/FatFs/src/ff.o
 .text.chk_lock
                0x000000000800608c       0xdc ./Middlewares/Third_Party/FatFs/src/ff.o
 .text.enq_lock
                0x0000000008006168       0x48 ./Middlewares/Third_Party/FatFs/src/ff.o
 .text.inc_lock
                0x00000000080061b0      0x170 ./Middlewares/Third_Party/FatFs/src/ff.o
 .text.dec_lock
                0x0000000008006320       0x88 ./Middlewares/Third_Party/FatFs/src/ff.o
 .text.clear_lock
                0x00000000080063a8       0x54 ./Middlewares/Third_Party/FatFs/src/ff.o
 .text.sync_window
                0x00000000080063fc       0x92 ./Middlewares/Third_Party/FatFs/src/ff.o
 .text.move_window
                0x000000000800648e       0x5c ./Middlewares/Third_Party/FatFs/src/ff.o
 .text.sync_fs  0x00000000080064ea      0x15c ./Middlewares/Third_Party/FatFs/src/ff.o
 .text.clust2sect
                0x0000000008006646       0x44 ./Middlewares/Third_Party/FatFs/src/ff.o
                0x0000000008006646                clust2sect
 .text.get_fat  0x000000000800668a      0x1dc ./Middlewares/Third_Party/FatFs/src/ff.o
                0x000000000800668a                get_fat
 .text.put_fat  0x0000000008006866      0x280 ./Middlewares/Third_Party/FatFs/src/ff.o
                0x0000000008006866                put_fat
 .text.remove_chain
                0x0000000008006ae6       0xb4 ./Middlewares/Third_Party/FatFs/src/ff.o
 .text.create_chain
                0x0000000008006b9a      0x13a ./Middlewares/Third_Party/FatFs/src/ff.o
 .text.clmt_clust
                0x0000000008006cd4       0x78 ./Middlewares/Third_Party/FatFs/src/ff.o
 .text.dir_sdi  0x0000000008006d4c      0x162 ./Middlewares/Third_Party/FatFs/src/ff.o
 .text.dir_next
                0x0000000008006eae      0x234 ./Middlewares/Third_Party/FatFs/src/ff.o
 .text.dir_alloc
                0x00000000080070e2       0x94 ./Middlewares/Third_Party/FatFs/src/ff.o
 .text.ld_clust
                0x0000000008007176       0x5c ./Middlewares/Third_Party/FatFs/src/ff.o
 .text.st_clust
                0x00000000080071d2       0x4e ./Middlewares/Third_Party/FatFs/src/ff.o
 .text.dir_find
                0x0000000008007220       0x9e ./Middlewares/Third_Party/FatFs/src/ff.o
 .text.dir_register
                0x00000000080072be       0x72 ./Middlewares/Third_Party/FatFs/src/ff.o
 .text.create_name
                0x0000000008007330      0x180 ./Middlewares/Third_Party/FatFs/src/ff.o
 .text.follow_path
                0x00000000080074b0       0xdc ./Middlewares/Third_Party/FatFs/src/ff.o
 .text.get_ldnumber
                0x000000000800758c       0x88 ./Middlewares/Third_Party/FatFs/src/ff.o
 .text.check_fs
                0x0000000008007614       0xd4 ./Middlewares/Third_Party/FatFs/src/ff.o
 .text.find_volume
                0x00000000080076e8      0x5fc ./Middlewares/Third_Party/FatFs/src/ff.o
 .text.validate
                0x0000000008007ce4       0x66 ./Middlewares/Third_Party/FatFs/src/ff.o
 *fill*         0x0000000008007d4a        0x2 
 .text.f_mount  0x0000000008007d4c       0x90 ./Middlewares/Third_Party/FatFs/src/ff.o
                0x0000000008007d4c                f_mount
 .text.f_open   0x0000000008007ddc      0x416 ./Middlewares/Third_Party/FatFs/src/ff.o
                0x0000000008007ddc                f_open
 .text.f_write  0x00000000080081f2      0x3ce ./Middlewares/Third_Party/FatFs/src/ff.o
                0x00000000080081f2                f_write
 .text.f_sync   0x00000000080085c0      0x174 ./Middlewares/Third_Party/FatFs/src/ff.o
                0x00000000080085c0                f_sync
 .text.f_close  0x0000000008008734       0x50 ./Middlewares/Third_Party/FatFs/src/ff.o
                0x0000000008008734                f_close
 .text.f_lseek  0x0000000008008784      0x516 ./Middlewares/Third_Party/FatFs/src/ff.o
                0x0000000008008784                f_lseek
 *fill*         0x0000000008008c9a        0x2 
 .text.FATFS_LinkDriverEx
                0x0000000008008c9c       0x98 ./Middlewares/Third_Party/FatFs/src/ff_gen_drv.o
                0x0000000008008c9c                FATFS_LinkDriverEx
 .text.FATFS_LinkDriver
                0x0000000008008d34       0x1e ./Middlewares/Third_Party/FatFs/src/ff_gen_drv.o
                0x0000000008008d34                FATFS_LinkDriver
 *fill*         0x0000000008008d52        0x2 
 .text.__errno  0x0000000008008d54        0xc c:/st/stm32cubeide_1.8.0/stm32cubeide/plugins/com.st.stm32cube.ide.mcu.externaltools.gnu-tools-for-stm32.9-2020-q2-update.win32_2.0.0.202105311346/tools/bin/../lib/gcc/arm-none-eabi/9.3.1/../../../../arm-none-eabi/lib/thumb/v7e-m+fp/hard\libc_nano.a(lib_a-errno.o)
                0x0000000008008d54                __errno
 .text.__libc_init_array
                0x0000000008008d60       0x48 c:/st/stm32cubeide_1.8.0/stm32cubeide/plugins/com.st.stm32cube.ide.mcu.externaltools.gnu-tools-for-stm32.9-2020-q2-update.win32_2.0.0.202105311346/tools/bin/../lib/gcc/arm-none-eabi/9.3.1/../../../../arm-none-eabi/lib/thumb/v7e-m+fp/hard\libc_nano.a(lib_a-init.o)
                0x0000000008008d60                __libc_init_array
 .text.memset   0x0000000008008da8       0x10 c:/st/stm32cubeide_1.8.0/stm32cubeide/plugins/com.st.stm32cube.ide.mcu.externaltools.gnu-tools-for-stm32.9-2020-q2-update.win32_2.0.0.202105311346/tools/bin/../lib/gcc/arm-none-eabi/9.3.1/../../../../arm-none-eabi/lib/thumb/v7e-m+fp/hard\libc_nano.a(lib_a-memset.o)
                0x0000000008008da8                memset
 .text.__cvt    0x0000000008008db8       0xc4 c:/st/stm32cubeide_1.8.0/stm32cubeide/plugins/com.st.stm32cube.ide.mcu.externaltools.gnu-tools-for-stm32.9-2020-q2-update.win32_2.0.0.202105311346/tools/bin/../lib/gcc/arm-none-eabi/9.3.1/../../../../arm-none-eabi/lib/thumb/v7e-m+fp/hard\libc_nano.a(lib_a-nano-vfprintf_float.o)
                0x0000000008008db8                __cvt
 .text.__exponent
                0x0000000008008e7c       0x7c c:/st/stm32cubeide_1.8.0/stm32cubeide/plugins/com.st.stm32cube.ide.mcu.externaltools.gnu-tools-for-stm32.9-2020-q2-update.win32_2.0.0.202105311346/tools/bin/../lib/gcc/arm-none-eabi/9.3.1/../../../../arm-none-eabi/lib/thumb/v7e-m+fp/hard\libc_nano.a(lib_a-nano-vfprintf_float.o)
                0x0000000008008e7c                __exponent
 .text._printf_float
                0x0000000008008ef8      0x46c c:/st/stm32cubeide_1.8.0/stm32cubeide/plugins/com.st.stm32cube.ide.mcu.externaltools.gnu-tools-for-stm32.9-2020-q2-update.win32_2.0.0.202105311346/tools/bin/../lib/gcc/arm-none-eabi/9.3.1/../../../../arm-none-eabi/lib/thumb/v7e-m+fp/hard\libc_nano.a(lib_a-nano-vfprintf_float.o)
                0x0000000008008ef8                _printf_float
 .text._printf_common
                0x0000000008009364       0xda c:/st/stm32cubeide_1.8.0/stm32cubeide/plugins/com.st.stm32cube.ide.mcu.externaltools.gnu-tools-for-stm32.9-2020-q2-update.win32_2.0.0.202105311346/tools/bin/../lib/gcc/arm-none-eabi/9.3.1/../../../../arm-none-eabi/lib/thumb/v7e-m+fp/hard\libc_nano.a(lib_a-nano-vfprintf_i.o)
                0x0000000008009364                _printf_common
 *fill*         0x000000000800943e        0x2 
 .text._printf_i
                0x0000000008009440      0x24c c:/st/stm32cubeide_1.8.0/stm32cubeide/plugins/com.st.stm32cube.ide.mcu.externaltools.gnu-tools-for-stm32.9-2020-q2-update.win32_2.0.0.202105311346/tools/bin/../lib/gcc/arm-none-eabi/9.3.1/../../../../arm-none-eabi/lib/thumb/v7e-m+fp/hard\libc_nano.a(lib_a-nano-vfprintf_i.o)
                0x0000000008009440                _printf_i
 .text._scanf_float
                0x000000000800968c      0x420 c:/st/stm32cubeide_1.8.0/stm32cubeide/plugins/com.st.stm32cube.ide.mcu.externaltools.gnu-tools-for-stm32.9-2020-q2-update.win32_2.0.0.202105311346/tools/bin/../lib/gcc/arm-none-eabi/9.3.1/../../../../arm-none-eabi/lib/thumb/v7e-m+fp/hard\libc_nano.a(lib_a-nano-vfscanf_float.o)
                0x000000000800968c                _scanf_float
 .text.printf   0x0000000008009aac       0x30 c:/st/stm32cubeide_1.8.0/stm32cubeide/plugins/com.st.stm32cube.ide.mcu.externaltools.gnu-tools-for-stm32.9-2020-q2-update.win32_2.0.0.202105311346/tools/bin/../lib/gcc/arm-none-eabi/9.3.1/../../../../arm-none-eabi/lib/thumb/v7e-m+fp/hard\libc_nano.a(lib_a-printf.o)
                0x0000000008009aac                iprintf
                0x0000000008009aac                printf
 .text.nanf     0x0000000008009adc        0xc c:/st/stm32cubeide_1.8.0/stm32cubeide/plugins/com.st.stm32cube.ide.mcu.externaltools.gnu-tools-for-stm32.9-2020-q2-update.win32_2.0.0.202105311346/tools/bin/../lib/gcc/arm-none-eabi/9.3.1/../../../../arm-none-eabi/lib/thumb/v7e-m+fp/hard\libc_nano.a(lib_a-sf_nan.o)
                0x0000000008009adc                nanf
 .text.sprintf  0x0000000008009ae8       0x40 c:/st/stm32cubeide_1.8.0/stm32cubeide/plugins/com.st.stm32cube.ide.mcu.externaltools.gnu-tools-for-stm32.9-2020-q2-update.win32_2.0.0.202105311346/tools/bin/../lib/gcc/arm-none-eabi/9.3.1/../../../../arm-none-eabi/lib/thumb/v7e-m+fp/hard\libc_nano.a(lib_a-sprintf.o)
                0x0000000008009ae8                siprintf
                0x0000000008009ae8                sprintf
 .text.sulp     0x0000000008009b28       0x38 c:/st/stm32cubeide_1.8.0/stm32cubeide/plugins/com.st.stm32cube.ide.mcu.externaltools.gnu-tools-for-stm32.9-2020-q2-update.win32_2.0.0.202105311346/tools/bin/../lib/gcc/arm-none-eabi/9.3.1/../../../../arm-none-eabi/lib/thumb/v7e-m+fp/hard\libc_nano.a(lib_a-strtod.o)
 .text._strtod_l
                0x0000000008009b60      0xc14 c:/st/stm32cubeide_1.8.0/stm32cubeide/plugins/com.st.stm32cube.ide.mcu.externaltools.gnu-tools-for-stm32.9-2020-q2-update.win32_2.0.0.202105311346/tools/bin/../lib/gcc/arm-none-eabi/9.3.1/../../../../arm-none-eabi/lib/thumb/v7e-m+fp/hard\libc_nano.a(lib_a-strtod.o)
                0x0000000008009b60                _strtod_l
 .text._strtod_r
                0x000000000800a774        0xc c:/st/stm32cubeide_1.8.0/stm32cubeide/plugins/com.st.stm32cube.ide.mcu.externaltools.gnu-tools-for-stm32.9-2020-q2-update.win32_2.0.0.202105311346/tools/bin/../lib/gcc/arm-none-eabi/9.3.1/../../../../arm-none-eabi/lib/thumb/v7e-m+fp/hard\libc_nano.a(lib_a-strtod.o)
                0x000000000800a774                _strtod_r
 .text._strtol_l.isra.0
                0x000000000800a780      0x108 c:/st/stm32cubeide_1.8.0/stm32cubeide/plugins/com.st.stm32cube.ide.mcu.externaltools.gnu-tools-for-stm32.9-2020-q2-update.win32_2.0.0.202105311346/tools/bin/../lib/gcc/arm-none-eabi/9.3.1/../../../../arm-none-eabi/lib/thumb/v7e-m+fp/hard\libc_nano.a(lib_a-strtol.o)
 .text._strtol_r
                0x000000000800a888        0x4 c:/st/stm32cubeide_1.8.0/stm32cubeide/plugins/com.st.stm32cube.ide.mcu.externaltools.gnu-tools-for-stm32.9-2020-q2-update.win32_2.0.0.202105311346/tools/bin/../lib/gcc/arm-none-eabi/9.3.1/../../../../arm-none-eabi/lib/thumb/v7e-m+fp/hard\libc_nano.a(lib_a-strtol.o)
                0x000000000800a888                _strtol_r
 .text.quorem   0x000000000800a88c      0x116 c:/st/stm32cubeide_1.8.0/stm32cubeide/plugins/com.st.stm32cube.ide.mcu.externaltools.gnu-tools-for-stm32.9-2020-q2-update.win32_2.0.0.202105311346/tools/bin/../lib/gcc/arm-none-eabi/9.3.1/../../../../arm-none-eabi/lib/thumb/v7e-m+fp/hard\libc_nano.a(lib_a-dtoa.o)
 *fill*         0x000000000800a9a2        0x6 
 .text._dtoa_r  0x000000000800a9a8      0xbd8 c:/st/stm32cubeide_1.8.0/stm32cubeide/plugins/com.st.stm32cube.ide.mcu.externaltools.gnu-tools-for-stm32.9-2020-q2-update.win32_2.0.0.202105311346/tools/bin/../lib/gcc/arm-none-eabi/9.3.1/../../../../arm-none-eabi/lib/thumb/v7e-m+fp/hard\libc_nano.a(lib_a-dtoa.o)
                0x000000000800a9a8                _dtoa_r
 .text.std      0x000000000800b580       0x48 c:/st/stm32cubeide_1.8.0/stm32cubeide/plugins/com.st.stm32cube.ide.mcu.externaltools.gnu-tools-for-stm32.9-2020-q2-update.win32_2.0.0.202105311346/tools/bin/../lib/gcc/arm-none-eabi/9.3.1/../../../../arm-none-eabi/lib/thumb/v7e-m+fp/hard\libc_nano.a(lib_a-findfp.o)
 .text._cleanup_r
                0x000000000800b5c8        0xc c:/st/stm32cubeide_1.8.0/stm32cubeide/plugins/com.st.stm32cube.ide.mcu.externaltools.gnu-tools-for-stm32.9-2020-q2-update.win32_2.0.0.202105311346/tools/bin/../lib/gcc/arm-none-eabi/9.3.1/../../../../arm-none-eabi/lib/thumb/v7e-m+fp/hard\libc_nano.a(lib_a-findfp.o)
                0x000000000800b5c8                _cleanup_r
 .text.__sfmoreglue
                0x000000000800b5d4       0x2c c:/st/stm32cubeide_1.8.0/stm32cubeide/plugins/com.st.stm32cube.ide.mcu.externaltools.gnu-tools-for-stm32.9-2020-q2-update.win32_2.0.0.202105311346/tools/bin/../lib/gcc/arm-none-eabi/9.3.1/../../../../arm-none-eabi/lib/thumb/v7e-m+fp/hard\libc_nano.a(lib_a-findfp.o)
                0x000000000800b5d4                __sfmoreglue
 .text.__sfp_lock_acquire
                0x000000000800b600        0xc c:/st/stm32cubeide_1.8.0/stm32cubeide/plugins/com.st.stm32cube.ide.mcu.externaltools.gnu-tools-for-stm32.9-2020-q2-update.win32_2.0.0.202105311346/tools/bin/../lib/gcc/arm-none-eabi/9.3.1/../../../../arm-none-eabi/lib/thumb/v7e-m+fp/hard\libc_nano.a(lib_a-findfp.o)
                0x000000000800b600                __sfp_lock_acquire
 .text.__sfp_lock_release
                0x000000000800b60c        0xc c:/st/stm32cubeide_1.8.0/stm32cubeide/plugins/com.st.stm32cube.ide.mcu.externaltools.gnu-tools-for-stm32.9-2020-q2-update.win32_2.0.0.202105311346/tools/bin/../lib/gcc/arm-none-eabi/9.3.1/../../../../arm-none-eabi/lib/thumb/v7e-m+fp/hard\libc_nano.a(lib_a-findfp.o)
                0x000000000800b60c                __sfp_lock_release
 .text.__sinit_lock_acquire
                0x000000000800b618        0xc c:/st/stm32cubeide_1.8.0/stm32cubeide/plugins/com.st.stm32cube.ide.mcu.externaltools.gnu-tools-for-stm32.9-2020-q2-update.win32_2.0.0.202105311346/tools/bin/../lib/gcc/arm-none-eabi/9.3.1/../../../../arm-none-eabi/lib/thumb/v7e-m+fp/hard\libc_nano.a(lib_a-findfp.o)
                0x000000000800b618                __sinit_lock_acquire
 .text.__sinit_lock_release
                0x000000000800b624        0xc c:/st/stm32cubeide_1.8.0/stm32cubeide/plugins/com.st.stm32cube.ide.mcu.externaltools.gnu-tools-for-stm32.9-2020-q2-update.win32_2.0.0.202105311346/tools/bin/../lib/gcc/arm-none-eabi/9.3.1/../../../../arm-none-eabi/lib/thumb/v7e-m+fp/hard\libc_nano.a(lib_a-findfp.o)
                0x000000000800b624                __sinit_lock_release
 .text.__sinit  0x000000000800b630       0x70 c:/st/stm32cubeide_1.8.0/stm32cubeide/plugins/com.st.stm32cube.ide.mcu.externaltools.gnu-tools-for-stm32.9-2020-q2-update.win32_2.0.0.202105311346/tools/bin/../lib/gcc/arm-none-eabi/9.3.1/../../../../arm-none-eabi/lib/thumb/v7e-m+fp/hard\libc_nano.a(lib_a-findfp.o)
                0x000000000800b630                __sinit
 .text.__sfp    0x000000000800b6a0       0x8c c:/st/stm32cubeide_1.8.0/stm32cubeide/plugins/com.st.stm32cube.ide.mcu.externaltools.gnu-tools-for-stm32.9-2020-q2-update.win32_2.0.0.202105311346/tools/bin/../lib/gcc/arm-none-eabi/9.3.1/../../../../arm-none-eabi/lib/thumb/v7e-m+fp/hard\libc_nano.a(lib_a-findfp.o)
                0x000000000800b6a0                __sfp
 .text._fwalk_reent
                0x000000000800b72c       0x3e c:/st/stm32cubeide_1.8.0/stm32cubeide/plugins/com.st.stm32cube.ide.mcu.externaltools.gnu-tools-for-stm32.9-2020-q2-update.win32_2.0.0.202105311346/tools/bin/../lib/gcc/arm-none-eabi/9.3.1/../../../../arm-none-eabi/lib/thumb/v7e-m+fp/hard\libc_nano.a(lib_a-fwalk.o)
                0x000000000800b72c                _fwalk_reent
 .text.rshift   0x000000000800b76a       0xa4 c:/st/stm32cubeide_1.8.0/stm32cubeide/plugins/com.st.stm32cube.ide.mcu.externaltools.gnu-tools-for-stm32.9-2020-q2-update.win32_2.0.0.202105311346/tools/bin/../lib/gcc/arm-none-eabi/9.3.1/../../../../arm-none-eabi/lib/thumb/v7e-m+fp/hard\libc_nano.a(lib_a-gdtoa-gethex.o)
 .text.__hexdig_fun
                0x000000000800b80e       0x2a c:/st/stm32cubeide_1.8.0/stm32cubeide/plugins/com.st.stm32cube.ide.mcu.externaltools.gnu-tools-for-stm32.9-2020-q2-update.win32_2.0.0.202105311346/tools/bin/../lib/gcc/arm-none-eabi/9.3.1/../../../../arm-none-eabi/lib/thumb/v7e-m+fp/hard\libc_nano.a(lib_a-gdtoa-gethex.o)
                0x000000000800b80e                __hexdig_fun
 .text.__gethex
                0x000000000800b838      0x48c c:/st/stm32cubeide_1.8.0/stm32cubeide/plugins/com.st.stm32cube.ide.mcu.externaltools.gnu-tools-for-stm32.9-2020-q2-update.win32_2.0.0.202105311346/tools/bin/../lib/gcc/arm-none-eabi/9.3.1/../../../../arm-none-eabi/lib/thumb/v7e-m+fp/hard\libc_nano.a(lib_a-gdtoa-gethex.o)
                0x000000000800b838                __gethex
 .text.L_shift  0x000000000800bcc4       0x24 c:/st/stm32cubeide_1.8.0/stm32cubeide/plugins/com.st.stm32cube.ide.mcu.externaltools.gnu-tools-for-stm32.9-2020-q2-update.win32_2.0.0.202105311346/tools/bin/../lib/gcc/arm-none-eabi/9.3.1/../../../../arm-none-eabi/lib/thumb/v7e-m+fp/hard\libc_nano.a(lib_a-gdtoa-hexnan.o)
 .text.__match  0x000000000800bce8       0x28 c:/st/stm32cubeide_1.8.0/stm32cubeide/plugins/com.st.stm32cube.ide.mcu.externaltools.gnu-tools-for-stm32.9-2020-q2-update.win32_2.0.0.202105311346/tools/bin/../lib/gcc/arm-none-eabi/9.3.1/../../../../arm-none-eabi/lib/thumb/v7e-m+fp/hard\libc_nano.a(lib_a-gdtoa-hexnan.o)
                0x000000000800bce8                __match
 .text.__hexnan
                0x000000000800bd10      0x138 c:/st/stm32cubeide_1.8.0/stm32cubeide/plugins/com.st.stm32cube.ide.mcu.externaltools.gnu-tools-for-stm32.9-2020-q2-update.win32_2.0.0.202105311346/tools/bin/../lib/gcc/arm-none-eabi/9.3.1/../../../../arm-none-eabi/lib/thumb/v7e-m+fp/hard\libc_nano.a(lib_a-gdtoa-hexnan.o)
                0x000000000800bd10                __hexnan
 .text._localeconv_r
                0x000000000800be48        0x8 c:/st/stm32cubeide_1.8.0/stm32cubeide/plugins/com.st.stm32cube.ide.mcu.externaltools.gnu-tools-for-stm32.9-2020-q2-update.win32_2.0.0.202105311346/tools/bin/../lib/gcc/arm-none-eabi/9.3.1/../../../../arm-none-eabi/lib/thumb/v7e-m+fp/hard\libc_nano.a(lib_a-localeconv.o)
                0x000000000800be48                _localeconv_r
 .text.__retarget_lock_init_recursive
                0x000000000800be50        0x2 c:/st/stm32cubeide_1.8.0/stm32cubeide/plugins/com.st.stm32cube.ide.mcu.externaltools.gnu-tools-for-stm32.9-2020-q2-update.win32_2.0.0.202105311346/tools/bin/../lib/gcc/arm-none-eabi/9.3.1/../../../../arm-none-eabi/lib/thumb/v7e-m+fp/hard\libc_nano.a(lib_a-lock.o)
                0x000000000800be50                __retarget_lock_init_recursive
 .text.__retarget_lock_acquire_recursive
                0x000000000800be52        0x2 c:/st/stm32cubeide_1.8.0/stm32cubeide/plugins/com.st.stm32cube.ide.mcu.externaltools.gnu-tools-for-stm32.9-2020-q2-update.win32_2.0.0.202105311346/tools/bin/../lib/gcc/arm-none-eabi/9.3.1/../../../../arm-none-eabi/lib/thumb/v7e-m+fp/hard\libc_nano.a(lib_a-lock.o)
                0x000000000800be52                __retarget_lock_acquire_recursive
 .text.__retarget_lock_release_recursive
                0x000000000800be54        0x2 c:/st/stm32cubeide_1.8.0/stm32cubeide/plugins/com.st.stm32cube.ide.mcu.externaltools.gnu-tools-for-stm32.9-2020-q2-update.win32_2.0.0.202105311346/tools/bin/../lib/gcc/arm-none-eabi/9.3.1/../../../../arm-none-eabi/lib/thumb/v7e-m+fp/hard\libc_nano.a(lib_a-lock.o)
                0x000000000800be54                __retarget_lock_release_recursive
 *fill*         0x000000000800be56        0x2 
 .text.malloc   0x000000000800be58       0x10 c:/st/stm32cubeide_1.8.0/stm32cubeide/plugins/com.st.stm32cube.ide.mcu.externaltools.gnu-tools-for-stm32.9-2020-q2-update.win32_2.0.0.202105311346/tools/bin/../lib/gcc/arm-none-eabi/9.3.1/../../../../arm-none-eabi/lib/thumb/v7e-m+fp/hard\libc_nano.a(lib_a-malloc.o)
                0x000000000800be58                malloc
 .text.__ascii_mbtowc
                0x000000000800be68       0x24 c:/st/stm32cubeide_1.8.0/stm32cubeide/plugins/com.st.stm32cube.ide.mcu.externaltools.gnu-tools-for-stm32.9-2020-q2-update.win32_2.0.0.202105311346/tools/bin/../lib/gcc/arm-none-eabi/9.3.1/../../../../arm-none-eabi/lib/thumb/v7e-m+fp/hard\libc_nano.a(lib_a-mbtowc_r.o)
                0x000000000800be68                __ascii_mbtowc
 .text.memcpy   0x000000000800be8c       0x1c c:/st/stm32cubeide_1.8.0/stm32cubeide/plugins/com.st.stm32cube.ide.mcu.externaltools.gnu-tools-for-stm32.9-2020-q2-update.win32_2.0.0.202105311346/tools/bin/../lib/gcc/arm-none-eabi/9.3.1/../../../../arm-none-eabi/lib/thumb/v7e-m+fp/hard\libc_nano.a(lib_a-memcpy-stub.o)
                0x000000000800be8c                memcpy
 .text._Balloc  0x000000000800bea8       0x80 c:/st/stm32cubeide_1.8.0/stm32cubeide/plugins/com.st.stm32cube.ide.mcu.externaltools.gnu-tools-for-stm32.9-2020-q2-update.win32_2.0.0.202105311346/tools/bin/../lib/gcc/arm-none-eabi/9.3.1/../../../../arm-none-eabi/lib/thumb/v7e-m+fp/hard\libc_nano.a(lib_a-mprec.o)
                0x000000000800bea8                _Balloc
 .text._Bfree   0x000000000800bf28       0x44 c:/st/stm32cubeide_1.8.0/stm32cubeide/plugins/com.st.stm32cube.ide.mcu.externaltools.gnu-tools-for-stm32.9-2020-q2-update.win32_2.0.0.202105311346/tools/bin/../lib/gcc/arm-none-eabi/9.3.1/../../../../arm-none-eabi/lib/thumb/v7e-m+fp/hard\libc_nano.a(lib_a-mprec.o)
                0x000000000800bf28                _Bfree
 .text.__multadd
                0x000000000800bf6c       0x94 c:/st/stm32cubeide_1.8.0/stm32cubeide/plugins/com.st.stm32cube.ide.mcu.externaltools.gnu-tools-for-stm32.9-2020-q2-update.win32_2.0.0.202105311346/tools/bin/../lib/gcc/arm-none-eabi/9.3.1/../../../../arm-none-eabi/lib/thumb/v7e-m+fp/hard\libc_nano.a(lib_a-mprec.o)
                0x000000000800bf6c                __multadd
 .text.__s2b    0x000000000800c000       0x94 c:/st/stm32cubeide_1.8.0/stm32cubeide/plugins/com.st.stm32cube.ide.mcu.externaltools.gnu-tools-for-stm32.9-2020-q2-update.win32_2.0.0.202105311346/tools/bin/../lib/gcc/arm-none-eabi/9.3.1/../../../../arm-none-eabi/lib/thumb/v7e-m+fp/hard\libc_nano.a(lib_a-mprec.o)
                0x000000000800c000                __s2b
 .text.__hi0bits
                0x000000000800c094       0x40 c:/st/stm32cubeide_1.8.0/stm32cubeide/plugins/com.st.stm32cube.ide.mcu.externaltools.gnu-tools-for-stm32.9-2020-q2-update.win32_2.0.0.202105311346/tools/bin/../lib/gcc/arm-none-eabi/9.3.1/../../../../arm-none-eabi/lib/thumb/v7e-m+fp/hard\libc_nano.a(lib_a-mprec.o)
                0x000000000800c094                __hi0bits
 .text.__lo0bits
                0x000000000800c0d4       0x60 c:/st/stm32cubeide_1.8.0/stm32cubeide/plugins/com.st.stm32cube.ide.mcu.externaltools.gnu-tools-for-stm32.9-2020-q2-update.win32_2.0.0.202105311346/tools/bin/../lib/gcc/arm-none-eabi/9.3.1/../../../../arm-none-eabi/lib/thumb/v7e-m+fp/hard\libc_nano.a(lib_a-mprec.o)
                0x000000000800c0d4                __lo0bits
 .text.__i2b    0x000000000800c134       0x2c c:/st/stm32cubeide_1.8.0/stm32cubeide/plugins/com.st.stm32cube.ide.mcu.externaltools.gnu-tools-for-stm32.9-2020-q2-update.win32_2.0.0.202105311346/tools/bin/../lib/gcc/arm-none-eabi/9.3.1/../../../../arm-none-eabi/lib/thumb/v7e-m+fp/hard\libc_nano.a(lib_a-mprec.o)
                0x000000000800c134                __i2b
 .text.__multiply
                0x000000000800c160      0x14c c:/st/stm32cubeide_1.8.0/stm32cubeide/plugins/com.st.stm32cube.ide.mcu.externaltools.gnu-tools-for-stm32.9-2020-q2-update.win32_2.0.0.202105311346/tools/bin/../lib/gcc/arm-none-eabi/9.3.1/../../../../arm-none-eabi/lib/thumb/v7e-m+fp/hard\libc_nano.a(lib_a-mprec.o)
                0x000000000800c160                __multiply
 .text.__pow5mult
                0x000000000800c2ac       0xb4 c:/st/stm32cubeide_1.8.0/stm32cubeide/plugins/com.st.stm32cube.ide.mcu.externaltools.gnu-tools-for-stm32.9-2020-q2-update.win32_2.0.0.202105311346/tools/bin/../lib/gcc/arm-none-eabi/9.3.1/../../../../arm-none-eabi/lib/thumb/v7e-m+fp/hard\libc_nano.a(lib_a-mprec.o)
                0x000000000800c2ac                __pow5mult
 .text.__lshift
                0x000000000800c360       0xd8 c:/st/stm32cubeide_1.8.0/stm32cubeide/plugins/com.st.stm32cube.ide.mcu.externaltools.gnu-tools-for-stm32.9-2020-q2-update.win32_2.0.0.202105311346/tools/bin/../lib/gcc/arm-none-eabi/9.3.1/../../../../arm-none-eabi/lib/thumb/v7e-m+fp/hard\libc_nano.a(lib_a-mprec.o)
                0x000000000800c360                __lshift
 .text.__mcmp   0x000000000800c438       0x38 c:/st/stm32cubeide_1.8.0/stm32cubeide/plugins/com.st.stm32cube.ide.mcu.externaltools.gnu-tools-for-stm32.9-2020-q2-update.win32_2.0.0.202105311346/tools/bin/../lib/gcc/arm-none-eabi/9.3.1/../../../../arm-none-eabi/lib/thumb/v7e-m+fp/hard\libc_nano.a(lib_a-mprec.o)
                0x000000000800c438                __mcmp
 .text.__mdiff  0x000000000800c470      0x110 c:/st/stm32cubeide_1.8.0/stm32cubeide/plugins/com.st.stm32cube.ide.mcu.externaltools.gnu-tools-for-stm32.9-2020-q2-update.win32_2.0.0.202105311346/tools/bin/../lib/gcc/arm-none-eabi/9.3.1/../../../../arm-none-eabi/lib/thumb/v7e-m+fp/hard\libc_nano.a(lib_a-mprec.o)
                0x000000000800c470                __mdiff
 .text.__ulp    0x000000000800c580       0x58 c:/st/stm32cubeide_1.8.0/stm32cubeide/plugins/com.st.stm32cube.ide.mcu.externaltools.gnu-tools-for-stm32.9-2020-q2-update.win32_2.0.0.202105311346/tools/bin/../lib/gcc/arm-none-eabi/9.3.1/../../../../arm-none-eabi/lib/thumb/v7e-m+fp/hard\libc_nano.a(lib_a-mprec.o)
                0x000000000800c580                __ulp
 .text.__b2d    0x000000000800c5d8       0xa0 c:/st/stm32cubeide_1.8.0/stm32cubeide/plugins/com.st.stm32cube.ide.mcu.externaltools.gnu-tools-for-stm32.9-2020-q2-update.win32_2.0.0.202105311346/tools/bin/../lib/gcc/arm-none-eabi/9.3.1/../../../../arm-none-eabi/lib/thumb/v7e-m+fp/hard\libc_nano.a(lib_a-mprec.o)
                0x000000000800c5d8                __b2d
 .text.__d2b    0x000000000800c678       0xb8 c:/st/stm32cubeide_1.8.0/stm32cubeide/plugins/com.st.stm32cube.ide.mcu.externaltools.gnu-tools-for-stm32.9-2020-q2-update.win32_2.0.0.202105311346/tools/bin/../lib/gcc/arm-none-eabi/9.3.1/../../../../arm-none-eabi/lib/thumb/v7e-m+fp/hard\libc_nano.a(lib_a-mprec.o)
                0x000000000800c678                __d2b
 .text.__ratio  0x000000000800c730       0x66 c:/st/stm32cubeide_1.8.0/stm32cubeide/plugins/com.st.stm32cube.ide.mcu.externaltools.gnu-tools-for-stm32.9-2020-q2-update.win32_2.0.0.202105311346/tools/bin/../lib/gcc/arm-none-eabi/9.3.1/../../../../arm-none-eabi/lib/thumb/v7e-m+fp/hard\libc_nano.a(lib_a-mprec.o)
                0x000000000800c730                __ratio
 .text.__copybits
                0x000000000800c796       0x46 c:/st/stm32cubeide_1.8.0/stm32cubeide/plugins/com.st.stm32cube.ide.mcu.externaltools.gnu-tools-for-stm32.9-2020-q2-update.win32_2.0.0.202105311346/tools/bin/../lib/gcc/arm-none-eabi/9.3.1/../../../../arm-none-eabi/lib/thumb/v7e-m+fp/hard\libc_nano.a(lib_a-mprec.o)
                0x000000000800c796                __copybits
 .text.__any_on
                0x000000000800c7dc       0x42 c:/st/stm32cubeide_1.8.0/stm32cubeide/plugins/com.st.stm32cube.ide.mcu.externaltools.gnu-tools-for-stm32.9-2020-q2-update.win32_2.0.0.202105311346/tools/bin/../lib/gcc/arm-none-eabi/9.3.1/../../../../arm-none-eabi/lib/thumb/v7e-m+fp/hard\libc_nano.a(lib_a-mprec.o)
                0x000000000800c7dc                __any_on
 .text._calloc_r
                0x000000000800c81e       0x1e c:/st/stm32cubeide_1.8.0/stm32cubeide/plugins/com.st.stm32cube.ide.mcu.externaltools.gnu-tools-for-stm32.9-2020-q2-update.win32_2.0.0.202105311346/tools/bin/../lib/gcc/arm-none-eabi/9.3.1/../../../../arm-none-eabi/lib/thumb/v7e-m+fp/hard\libc_nano.a(lib_a-nano-callocr.o)
                0x000000000800c81e                _calloc_r
 .text._free_r  0x000000000800c83c       0xa0 c:/st/stm32cubeide_1.8.0/stm32cubeide/plugins/com.st.stm32cube.ide.mcu.externaltools.gnu-tools-for-stm32.9-2020-q2-update.win32_2.0.0.202105311346/tools/bin/../lib/gcc/arm-none-eabi/9.3.1/../../../../arm-none-eabi/lib/thumb/v7e-m+fp/hard\libc_nano.a(lib_a-nano-freer.o)
                0x000000000800c83c                _free_r
 .text._malloc_r
                0x000000000800c8dc       0xb4 c:/st/stm32cubeide_1.8.0/stm32cubeide/plugins/com.st.stm32cube.ide.mcu.externaltools.gnu-tools-for-stm32.9-2020-q2-update.win32_2.0.0.202105311346/tools/bin/../lib/gcc/arm-none-eabi/9.3.1/../../../../arm-none-eabi/lib/thumb/v7e-m+fp/hard\libc_nano.a(lib_a-nano-mallocr.o)
                0x000000000800c8dc                _malloc_r
 .text.__ssputs_r
                0x000000000800c990       0xb6 c:/st/stm32cubeide_1.8.0/stm32cubeide/plugins/com.st.stm32cube.ide.mcu.externaltools.gnu-tools-for-stm32.9-2020-q2-update.win32_2.0.0.202105311346/tools/bin/../lib/gcc/arm-none-eabi/9.3.1/../../../../arm-none-eabi/lib/thumb/v7e-m+fp/hard\libc_nano.a(lib_a-nano-svfprintf.o)
                0x000000000800c990                __ssputs_r
 *fill*         0x000000000800ca46        0x2 
 .text._svfprintf_r
                0x000000000800ca48      0x200 c:/st/stm32cubeide_1.8.0/stm32cubeide/plugins/com.st.stm32cube.ide.mcu.externaltools.gnu-tools-for-stm32.9-2020-q2-update.win32_2.0.0.202105311346/tools/bin/../lib/gcc/arm-none-eabi/9.3.1/../../../../arm-none-eabi/lib/thumb/v7e-m+fp/hard\libc_nano.a(lib_a-nano-svfprintf.o)
                0x000000000800ca48                _svfiprintf_r
                0x000000000800ca48                _svfprintf_r
 .text.__sfputc_r
                0x000000000800cc48       0x2e c:/st/stm32cubeide_1.8.0/stm32cubeide/plugins/com.st.stm32cube.ide.mcu.externaltools.gnu-tools-for-stm32.9-2020-q2-update.win32_2.0.0.202105311346/tools/bin/../lib/gcc/arm-none-eabi/9.3.1/../../../../arm-none-eabi/lib/thumb/v7e-m+fp/hard\libc_nano.a(lib_a-nano-vfprintf.o)
 .text.__sfputs_r
                0x000000000800cc76       0x24 c:/st/stm32cubeide_1.8.0/stm32cubeide/plugins/com.st.stm32cube.ide.mcu.externaltools.gnu-tools-for-stm32.9-2020-q2-update.win32_2.0.0.202105311346/tools/bin/../lib/gcc/arm-none-eabi/9.3.1/../../../../arm-none-eabi/lib/thumb/v7e-m+fp/hard\libc_nano.a(lib_a-nano-vfprintf.o)
                0x000000000800cc76                __sfputs_r
 *fill*         0x000000000800cc9a        0x2 
 .text._vfprintf_r
                0x000000000800cc9c      0x260 c:/st/stm32cubeide_1.8.0/stm32cubeide/plugins/com.st.stm32cube.ide.mcu.externaltools.gnu-tools-for-stm32.9-2020-q2-update.win32_2.0.0.202105311346/tools/bin/../lib/gcc/arm-none-eabi/9.3.1/../../../../arm-none-eabi/lib/thumb/v7e-m+fp/hard\libc_nano.a(lib_a-nano-vfprintf.o)
                0x000000000800cc9c                _vfprintf_r
                0x000000000800cc9c                _vfiprintf_r
 *fill*         0x000000000800cefc        0x4 
 .text.nan      0x000000000800cf00       0x10 c:/st/stm32cubeide_1.8.0/stm32cubeide/plugins/com.st.stm32cube.ide.mcu.externaltools.gnu-tools-for-stm32.9-2020-q2-update.win32_2.0.0.202105311346/tools/bin/../lib/gcc/arm-none-eabi/9.3.1/../../../../arm-none-eabi/lib/thumb/v7e-m+fp/hard\libc_nano.a(lib_a-s_nan.o)
                0x000000000800cf00                nan
 .text._sbrk_r  0x000000000800cf10       0x20 c:/st/stm32cubeide_1.8.0/stm32cubeide/plugins/com.st.stm32cube.ide.mcu.externaltools.gnu-tools-for-stm32.9-2020-q2-update.win32_2.0.0.202105311346/tools/bin/../lib/gcc/arm-none-eabi/9.3.1/../../../../arm-none-eabi/lib/thumb/v7e-m+fp/hard\libc_nano.a(lib_a-sbrkr.o)
                0x000000000800cf10                _sbrk_r
 .text.__sread  0x000000000800cf30       0x22 c:/st/stm32cubeide_1.8.0/stm32cubeide/plugins/com.st.stm32cube.ide.mcu.externaltools.gnu-tools-for-stm32.9-2020-q2-update.win32_2.0.0.202105311346/tools/bin/../lib/gcc/arm-none-eabi/9.3.1/../../../../arm-none-eabi/lib/thumb/v7e-m+fp/hard\libc_nano.a(lib_a-stdio.o)
                0x000000000800cf30                __sread
 .text.__swrite
                0x000000000800cf52       0x38 c:/st/stm32cubeide_1.8.0/stm32cubeide/plugins/com.st.stm32cube.ide.mcu.externaltools.gnu-tools-for-stm32.9-2020-q2-update.win32_2.0.0.202105311346/tools/bin/../lib/gcc/arm-none-eabi/9.3.1/../../../../arm-none-eabi/lib/thumb/v7e-m+fp/hard\libc_nano.a(lib_a-stdio.o)
                0x000000000800cf52                __swrite
 .text.__sseek  0x000000000800cf8a       0x24 c:/st/stm32cubeide_1.8.0/stm32cubeide/plugins/com.st.stm32cube.ide.mcu.externaltools.gnu-tools-for-stm32.9-2020-q2-update.win32_2.0.0.202105311346/tools/bin/../lib/gcc/arm-none-eabi/9.3.1/../../../../arm-none-eabi/lib/thumb/v7e-m+fp/hard\libc_nano.a(lib_a-stdio.o)
                0x000000000800cf8a                __sseek
 .text.__sclose
                0x000000000800cfae        0x8 c:/st/stm32cubeide_1.8.0/stm32cubeide/plugins/com.st.stm32cube.ide.mcu.externaltools.gnu-tools-for-stm32.9-2020-q2-update.win32_2.0.0.202105311346/tools/bin/../lib/gcc/arm-none-eabi/9.3.1/../../../../arm-none-eabi/lib/thumb/v7e-m+fp/hard\libc_nano.a(lib_a-stdio.o)
                0x000000000800cfae                __sclose
 .text.strncmp  0x000000000800cfb6       0x24 c:/st/stm32cubeide_1.8.0/stm32cubeide/plugins/com.st.stm32cube.ide.mcu.externaltools.gnu-tools-for-stm32.9-2020-q2-update.win32_2.0.0.202105311346/tools/bin/../lib/gcc/arm-none-eabi/9.3.1/../../../../arm-none-eabi/lib/thumb/v7e-m+fp/hard\libc_nano.a(lib_a-strncmp.o)
                0x000000000800cfb6                strncmp
 *fill*         0x000000000800cfda        0x2 
 .text.__swbuf_r
                0x000000000800cfdc       0xa4 c:/st/stm32cubeide_1.8.0/stm32cubeide/plugins/com.st.stm32cube.ide.mcu.externaltools.gnu-tools-for-stm32.9-2020-q2-update.win32_2.0.0.202105311346/tools/bin/../lib/gcc/arm-none-eabi/9.3.1/../../../../arm-none-eabi/lib/thumb/v7e-m+fp/hard\libc_nano.a(lib_a-wbuf.o)
                0x000000000800cfdc                __swbuf_r
 .text.__ascii_wctomb
                0x000000000800d080       0x1a c:/st/stm32cubeide_1.8.0/stm32cubeide/plugins/com.st.stm32cube.ide.mcu.externaltools.gnu-tools-for-stm32.9-2020-q2-update.win32_2.0.0.202105311346/tools/bin/../lib/gcc/arm-none-eabi/9.3.1/../../../../arm-none-eabi/lib/thumb/v7e-m+fp/hard\libc_nano.a(lib_a-wctomb_r.o)
                0x000000000800d080                __ascii_wctomb
 *fill*         0x000000000800d09a        0x2 
 .text._write_r
                0x000000000800d09c       0x24 c:/st/stm32cubeide_1.8.0/stm32cubeide/plugins/com.st.stm32cube.ide.mcu.externaltools.gnu-tools-for-stm32.9-2020-q2-update.win32_2.0.0.202105311346/tools/bin/../lib/gcc/arm-none-eabi/9.3.1/../../../../arm-none-eabi/lib/thumb/v7e-m+fp/hard\libc_nano.a(lib_a-writer.o)
                0x000000000800d09c                _write_r
 .text.__swsetup_r
                0x000000000800d0c0       0xdc c:/st/stm32cubeide_1.8.0/stm32cubeide/plugins/com.st.stm32cube.ide.mcu.externaltools.gnu-tools-for-stm32.9-2020-q2-update.win32_2.0.0.202105311346/tools/bin/../lib/gcc/arm-none-eabi/9.3.1/../../../../arm-none-eabi/lib/thumb/v7e-m+fp/hard\libc_nano.a(lib_a-wsetup.o)
                0x000000000800d0c0                __swsetup_r
 .text.__assert_func
                0x000000000800d19c       0x3c c:/st/stm32cubeide_1.8.0/stm32cubeide/plugins/com.st.stm32cube.ide.mcu.externaltools.gnu-tools-for-stm32.9-2020-q2-update.win32_2.0.0.202105311346/tools/bin/../lib/gcc/arm-none-eabi/9.3.1/../../../../arm-none-eabi/lib/thumb/v7e-m+fp/hard\libc_nano.a(lib_a-assert.o)
                0x000000000800d19c                __assert_func
 .text._close_r
                0x000000000800d1d8       0x20 c:/st/stm32cubeide_1.8.0/stm32cubeide/plugins/com.st.stm32cube.ide.mcu.externaltools.gnu-tools-for-stm32.9-2020-q2-update.win32_2.0.0.202105311346/tools/bin/../lib/gcc/arm-none-eabi/9.3.1/../../../../arm-none-eabi/lib/thumb/v7e-m+fp/hard\libc_nano.a(lib_a-closer.o)
                0x000000000800d1d8                _close_r
 .text.__sflush_r
                0x000000000800d1f8      0x10c c:/st/stm32cubeide_1.8.0/stm32cubeide/plugins/com.st.stm32cube.ide.mcu.externaltools.gnu-tools-for-stm32.9-2020-q2-update.win32_2.0.0.202105311346/tools/bin/../lib/gcc/arm-none-eabi/9.3.1/../../../../arm-none-eabi/lib/thumb/v7e-m+fp/hard\libc_nano.a(lib_a-fflush.o)
                0x000000000800d1f8                __sflush_r
 .text._fflush_r
                0x000000000800d304       0x78 c:/st/stm32cubeide_1.8.0/stm32cubeide/plugins/com.st.stm32cube.ide.mcu.externaltools.gnu-tools-for-stm32.9-2020-q2-update.win32_2.0.0.202105311346/tools/bin/../lib/gcc/arm-none-eabi/9.3.1/../../../../arm-none-eabi/lib/thumb/v7e-m+fp/hard\libc_nano.a(lib_a-fflush.o)
                0x000000000800d304                _fflush_r
 .text.fprintf  0x000000000800d37c       0x24 c:/st/stm32cubeide_1.8.0/stm32cubeide/plugins/com.st.stm32cube.ide.mcu.externaltools.gnu-tools-for-stm32.9-2020-q2-update.win32_2.0.0.202105311346/tools/bin/../lib/gcc/arm-none-eabi/9.3.1/../../../../arm-none-eabi/lib/thumb/v7e-m+fp/hard\libc_nano.a(lib_a-fprintf.o)
                0x000000000800d37c                fiprintf
                0x000000000800d37c                fprintf
 .text._lseek_r
                0x000000000800d3a0       0x24 c:/st/stm32cubeide_1.8.0/stm32cubeide/plugins/com.st.stm32cube.ide.mcu.externaltools.gnu-tools-for-stm32.9-2020-q2-update.win32_2.0.0.202105311346/tools/bin/../lib/gcc/arm-none-eabi/9.3.1/../../../../arm-none-eabi/lib/thumb/v7e-m+fp/hard\libc_nano.a(lib_a-lseekr.o)
                0x000000000800d3a0                _lseek_r
 .text.__swhatbuf_r
                0x000000000800d3c4       0x48 c:/st/stm32cubeide_1.8.0/stm32cubeide/plugins/com.st.stm32cube.ide.mcu.externaltools.gnu-tools-for-stm32.9-2020-q2-update.win32_2.0.0.202105311346/tools/bin/../lib/gcc/arm-none-eabi/9.3.1/../../../../arm-none-eabi/lib/thumb/v7e-m+fp/hard\libc_nano.a(lib_a-makebuf.o)
                0x000000000800d3c4                __swhatbuf_r
 .text.__smakebuf_r
                0x000000000800d40c       0x80 c:/st/stm32cubeide_1.8.0/stm32cubeide/plugins/com.st.stm32cube.ide.mcu.externaltools.gnu-tools-for-stm32.9-2020-q2-update.win32_2.0.0.202105311346/tools/bin/../lib/gcc/arm-none-eabi/9.3.1/../../../../arm-none-eabi/lib/thumb/v7e-m+fp/hard\libc_nano.a(lib_a-makebuf.o)
                0x000000000800d40c                __smakebuf_r
 .text.memmove  0x000000000800d48c       0x34 c:/st/stm32cubeide_1.8.0/stm32cubeide/plugins/com.st.stm32cube.ide.mcu.externaltools.gnu-tools-for-stm32.9-2020-q2-update.win32_2.0.0.202105311346/tools/bin/../lib/gcc/arm-none-eabi/9.3.1/../../../../arm-none-eabi/lib/thumb/v7e-m+fp/hard\libc_nano.a(lib_a-memmove.o)
                0x000000000800d48c                memmove
 .text.__malloc_lock
                0x000000000800d4c0        0xc c:/st/stm32cubeide_1.8.0/stm32cubeide/plugins/com.st.stm32cube.ide.mcu.externaltools.gnu-tools-for-stm32.9-2020-q2-update.win32_2.0.0.202105311346/tools/bin/../lib/gcc/arm-none-eabi/9.3.1/../../../../arm-none-eabi/lib/thumb/v7e-m+fp/hard\libc_nano.a(lib_a-mlock.o)
                0x000000000800d4c0                __malloc_lock
 .text.__malloc_unlock
                0x000000000800d4cc        0xc c:/st/stm32cubeide_1.8.0/stm32cubeide/plugins/com.st.stm32cube.ide.mcu.externaltools.gnu-tools-for-stm32.9-2020-q2-update.win32_2.0.0.202105311346/tools/bin/../lib/gcc/arm-none-eabi/9.3.1/../../../../arm-none-eabi/lib/thumb/v7e-m+fp/hard\libc_nano.a(lib_a-mlock.o)
                0x000000000800d4cc                __malloc_unlock
 .text._realloc_r
                0x000000000800d4d8       0x4c c:/st/stm32cubeide_1.8.0/stm32cubeide/plugins/com.st.stm32cube.ide.mcu.externaltools.gnu-tools-for-stm32.9-2020-q2-update.win32_2.0.0.202105311346/tools/bin/../lib/gcc/arm-none-eabi/9.3.1/../../../../arm-none-eabi/lib/thumb/v7e-m+fp/hard\libc_nano.a(lib_a-nano-reallocr.o)
                0x000000000800d4d8                _realloc_r
 .text._read_r  0x000000000800d524       0x24 c:/st/stm32cubeide_1.8.0/stm32cubeide/plugins/com.st.stm32cube.ide.mcu.externaltools.gnu-tools-for-stm32.9-2020-q2-update.win32_2.0.0.202105311346/tools/bin/../lib/gcc/arm-none-eabi/9.3.1/../../../../arm-none-eabi/lib/thumb/v7e-m+fp/hard\libc_nano.a(lib_a-readr.o)
                0x000000000800d524                _read_r
 .text.abort    0x000000000800d548        0xe c:/st/stm32cubeide_1.8.0/stm32cubeide/plugins/com.st.stm32cube.ide.mcu.externaltools.gnu-tools-for-stm32.9-2020-q2-update.win32_2.0.0.202105311346/tools/bin/../lib/gcc/arm-none-eabi/9.3.1/../../../../arm-none-eabi/lib/thumb/v7e-m+fp/hard\libc_nano.a(lib_a-abort.o)
                0x000000000800d548                abort
 *fill*         0x000000000800d556        0x2 
 .text._fstat_r
                0x000000000800d558       0x24 c:/st/stm32cubeide_1.8.0/stm32cubeide/plugins/com.st.stm32cube.ide.mcu.externaltools.gnu-tools-for-stm32.9-2020-q2-update.win32_2.0.0.202105311346/tools/bin/../lib/gcc/arm-none-eabi/9.3.1/../../../../arm-none-eabi/lib/thumb/v7e-m+fp/hard\libc_nano.a(lib_a-fstatr.o)
                0x000000000800d558                _fstat_r
 .text._isatty_r
                0x000000000800d57c       0x20 c:/st/stm32cubeide_1.8.0/stm32cubeide/plugins/com.st.stm32cube.ide.mcu.externaltools.gnu-tools-for-stm32.9-2020-q2-update.win32_2.0.0.202105311346/tools/bin/../lib/gcc/arm-none-eabi/9.3.1/../../../../arm-none-eabi/lib/thumb/v7e-m+fp/hard\libc_nano.a(lib_a-isattyr.o)
                0x000000000800d57c                _isatty_r
 .text._malloc_usable_size_r
                0x000000000800d59c       0x10 c:/st/stm32cubeide_1.8.0/stm32cubeide/plugins/com.st.stm32cube.ide.mcu.externaltools.gnu-tools-for-stm32.9-2020-q2-update.win32_2.0.0.202105311346/tools/bin/../lib/gcc/arm-none-eabi/9.3.1/../../../../arm-none-eabi/lib/thumb/v7e-m+fp/hard\libc_nano.a(lib_a-nano-msizer.o)
                0x000000000800d59c                _malloc_usable_size_r
 .text._raise_r
                0x000000000800d5ac       0x50 c:/st/stm32cubeide_1.8.0/stm32cubeide/plugins/com.st.stm32cube.ide.mcu.externaltools.gnu-tools-for-stm32.9-2020-q2-update.win32_2.0.0.202105311346/tools/bin/../lib/gcc/arm-none-eabi/9.3.1/../../../../arm-none-eabi/lib/thumb/v7e-m+fp/hard\libc_nano.a(lib_a-signal.o)
                0x000000000800d5ac                _raise_r
 .text.raise    0x000000000800d5fc       0x10 c:/st/stm32cubeide_1.8.0/stm32cubeide/plugins/com.st.stm32cube.ide.mcu.externaltools.gnu-tools-for-stm32.9-2020-q2-update.win32_2.0.0.202105311346/tools/bin/../lib/gcc/arm-none-eabi/9.3.1/../../../../arm-none-eabi/lib/thumb/v7e-m+fp/hard\libc_nano.a(lib_a-signal.o)
                0x000000000800d5fc                raise
 .text._kill_r  0x000000000800d60c       0x24 c:/st/stm32cubeide_1.8.0/stm32cubeide/plugins/com.st.stm32cube.ide.mcu.externaltools.gnu-tools-for-stm32.9-2020-q2-update.win32_2.0.0.202105311346/tools/bin/../lib/gcc/arm-none-eabi/9.3.1/../../../../arm-none-eabi/lib/thumb/v7e-m+fp/hard\libc_nano.a(lib_a-signalr.o)
                0x000000000800d60c                _kill_r
 .text._getpid_r
                0x000000000800d630        0x4 c:/st/stm32cubeide_1.8.0/stm32cubeide/plugins/com.st.stm32cube.ide.mcu.externaltools.gnu-tools-for-stm32.9-2020-q2-update.win32_2.0.0.202105311346/tools/bin/../lib/gcc/arm-none-eabi/9.3.1/../../../../arm-none-eabi/lib/thumb/v7e-m+fp/hard\libc_nano.a(lib_a-signalr.o)
                0x000000000800d630                _getpid_r
 *(.glue_7)
 .glue_7        0x000000000800d634        0x0 linker stubs
 *(.glue_7t)
 .glue_7t       0x000000000800d634        0x0 linker stubs
 *(.eh_frame)
 .eh_frame      0x000000000800d634        0x0 c:/st/stm32cubeide_1.8.0/stm32cubeide/plugins/com.st.stm32cube.ide.mcu.externaltools.gnu-tools-for-stm32.9-2020-q2-update.win32_2.0.0.202105311346/tools/bin/../lib/gcc/arm-none-eabi/9.3.1/thumb/v7e-m+fp/hard/crtbegin.o
 *(.init)
 .init          0x000000000800d634        0x4 c:/st/stm32cubeide_1.8.0/stm32cubeide/plugins/com.st.stm32cube.ide.mcu.externaltools.gnu-tools-for-stm32.9-2020-q2-update.win32_2.0.0.202105311346/tools/bin/../lib/gcc/arm-none-eabi/9.3.1/thumb/v7e-m+fp/hard/crti.o
                0x000000000800d634                _init
 .init          0x000000000800d638        0x8 c:/st/stm32cubeide_1.8.0/stm32cubeide/plugins/com.st.stm32cube.ide.mcu.externaltools.gnu-tools-for-stm32.9-2020-q2-update.win32_2.0.0.202105311346/tools/bin/../lib/gcc/arm-none-eabi/9.3.1/thumb/v7e-m+fp/hard/crtn.o
 *(.fini)
 .fini          0x000000000800d640        0x4 c:/st/stm32cubeide_1.8.0/stm32cubeide/plugins/com.st.stm32cube.ide.mcu.externaltools.gnu-tools-for-stm32.9-2020-q2-update.win32_2.0.0.202105311346/tools/bin/../lib/gcc/arm-none-eabi/9.3.1/thumb/v7e-m+fp/hard/crti.o
                0x000000000800d640                _fini
 .fini          0x000000000800d644        0x8 c:/st/stm32cubeide_1.8.0/stm32cubeide/plugins/com.st.stm32cube.ide.mcu.externaltools.gnu-tools-for-stm32.9-2020-q2-update.win32_2.0.0.202105311346/tools/bin/../lib/gcc/arm-none-eabi/9.3.1/thumb/v7e-m+fp/hard/crtn.o
                0x000000000800d64c                . = ALIGN (0x4)
                0x000000000800d64c                _etext = .

.vfp11_veneer   0x000000000800d64c        0x0
 .vfp11_veneer  0x000000000800d64c        0x0 linker stubs

.v4_bx          0x000000000800d64c        0x0
 .v4_bx         0x000000000800d64c        0x0 linker stubs

.iplt           0x000000000800d64c        0x0
 .iplt          0x000000000800d64c        0x0 c:/st/stm32cubeide_1.8.0/stm32cubeide/plugins/com.st.stm32cube.ide.mcu.externaltools.gnu-tools-for-stm32.9-2020-q2-update.win32_2.0.0.202105311346/tools/bin/../lib/gcc/arm-none-eabi/9.3.1/thumb/v7e-m+fp/hard/crtbegin.o

.rodata         0x000000000800d650      0x644
                0x000000000800d650                . = ALIGN (0x4)
 *(.rodata)
 .rodata        0x000000000800d650       0x9c ./Core/Src/main.o
 .rodata        0x000000000800d6ec       0x44 ./Middlewares/Third_Party/FatFs/src/ff.o
 *(.rodata*)
 .rodata.AHBPrescTable
                0x000000000800d730       0x10 ./Core/Src/system_stm32f3xx.o
                0x000000000800d730                AHBPrescTable
 .rodata.aPLLMULFactorTable
                0x000000000800d740       0x10 ./Drivers/STM32F3xx_HAL_Driver/Src/stm32f3xx_hal_rcc.o
 .rodata.aPredivFactorTable
                0x000000000800d750       0x10 ./Drivers/STM32F3xx_HAL_Driver/Src/stm32f3xx_hal_rcc.o
 .rodata.ExCvt  0x000000000800d760       0x80 ./Middlewares/Third_Party/FatFs/src/ff.o
 .rodata._global_impure_ptr
                0x000000000800d7e0        0x4 c:/st/stm32cubeide_1.8.0/stm32cubeide/plugins/com.st.stm32cube.ide.mcu.externaltools.gnu-tools-for-stm32.9-2020-q2-update.win32_2.0.0.202105311346/tools/bin/../lib/gcc/arm-none-eabi/9.3.1/../../../../arm-none-eabi/lib/thumb/v7e-m+fp/hard\libc_nano.a(lib_a-impure.o)
                0x000000000800d7e0                _global_impure_ptr
 .rodata._printf_float.str1.1
                0x000000000800d7e4       0x12 c:/st/stm32cubeide_1.8.0/stm32cubeide/plugins/com.st.stm32cube.ide.mcu.externaltools.gnu-tools-for-stm32.9-2020-q2-update.win32_2.0.0.202105311346/tools/bin/../lib/gcc/arm-none-eabi/9.3.1/../../../../arm-none-eabi/lib/thumb/v7e-m+fp/hard\libc_nano.a(lib_a-nano-vfprintf_float.o)
 .rodata._printf_i.str1.1
                0x000000000800d7f6       0x22 c:/st/stm32cubeide_1.8.0/stm32cubeide/plugins/com.st.stm32cube.ide.mcu.externaltools.gnu-tools-for-stm32.9-2020-q2-update.win32_2.0.0.202105311346/tools/bin/../lib/gcc/arm-none-eabi/9.3.1/../../../../arm-none-eabi/lib/thumb/v7e-m+fp/hard\libc_nano.a(lib_a-nano-vfprintf_i.o)
 .rodata._scanf_float.str1.1
                0x000000000800d818        0x5 c:/st/stm32cubeide_1.8.0/stm32cubeide/plugins/com.st.stm32cube.ide.mcu.externaltools.gnu-tools-for-stm32.9-2020-q2-update.win32_2.0.0.202105311346/tools/bin/../lib/gcc/arm-none-eabi/9.3.1/../../../../arm-none-eabi/lib/thumb/v7e-m+fp/hard\libc_nano.a(lib_a-nano-vfscanf_float.o)
                                          0x6 (size before relaxing)
 .rodata._strtod_l.str1.1
                0x000000000800d81d        0x5 c:/st/stm32cubeide_1.8.0/stm32cubeide/plugins/com.st.stm32cube.ide.mcu.externaltools.gnu-tools-for-stm32.9-2020-q2-update.win32_2.0.0.202105311346/tools/bin/../lib/gcc/arm-none-eabi/9.3.1/../../../../arm-none-eabi/lib/thumb/v7e-m+fp/hard\libc_nano.a(lib_a-strtod.o)
                                          0xd (size before relaxing)
 *fill*         0x000000000800d81d        0x3 
 .rodata.fpi.7583
                0x000000000800d820       0x14 c:/st/stm32cubeide_1.8.0/stm32cubeide/plugins/com.st.stm32cube.ide.mcu.externaltools.gnu-tools-for-stm32.9-2020-q2-update.win32_2.0.0.202105311346/tools/bin/../lib/gcc/arm-none-eabi/9.3.1/../../../../arm-none-eabi/lib/thumb/v7e-m+fp/hard\libc_nano.a(lib_a-strtod.o)
 .rodata.fpinan.7619
                0x000000000800d834       0x14 c:/st/stm32cubeide_1.8.0/stm32cubeide/plugins/com.st.stm32cube.ide.mcu.externaltools.gnu-tools-for-stm32.9-2020-q2-update.win32_2.0.0.202105311346/tools/bin/../lib/gcc/arm-none-eabi/9.3.1/../../../../arm-none-eabi/lib/thumb/v7e-m+fp/hard\libc_nano.a(lib_a-strtod.o)
 .rodata.tinytens
                0x000000000800d848       0x28 c:/st/stm32cubeide_1.8.0/stm32cubeide/plugins/com.st.stm32cube.ide.mcu.externaltools.gnu-tools-for-stm32.9-2020-q2-update.win32_2.0.0.202105311346/tools/bin/../lib/gcc/arm-none-eabi/9.3.1/../../../../arm-none-eabi/lib/thumb/v7e-m+fp/hard\libc_nano.a(lib_a-strtod.o)
 .rodata._ctype_
                0x000000000800d870      0x101 c:/st/stm32cubeide_1.8.0/stm32cubeide/plugins/com.st.stm32cube.ide.mcu.externaltools.gnu-tools-for-stm32.9-2020-q2-update.win32_2.0.0.202105311346/tools/bin/../lib/gcc/arm-none-eabi/9.3.1/../../../../arm-none-eabi/lib/thumb/v7e-m+fp/hard\libc_nano.a(lib_a-ctype_.o)
                0x000000000800d870                _ctype_
 .rodata._dtoa_r.str1.1
                0x000000000800d971       0x94 c:/st/stm32cubeide_1.8.0/stm32cubeide/plugins/com.st.stm32cube.ide.mcu.externaltools.gnu-tools-for-stm32.9-2020-q2-update.win32_2.0.0.202105311346/tools/bin/../lib/gcc/arm-none-eabi/9.3.1/../../../../arm-none-eabi/lib/thumb/v7e-m+fp/hard\libc_nano.a(lib_a-dtoa.o)
                                         0x96 (size before relaxing)
 *fill*         0x000000000800da05        0x3 
 .rodata.__sf_fake_stderr
                0x000000000800da08       0x20 c:/st/stm32cubeide_1.8.0/stm32cubeide/plugins/com.st.stm32cube.ide.mcu.externaltools.gnu-tools-for-stm32.9-2020-q2-update.win32_2.0.0.202105311346/tools/bin/../lib/gcc/arm-none-eabi/9.3.1/../../../../arm-none-eabi/lib/thumb/v7e-m+fp/hard\libc_nano.a(lib_a-findfp.o)
                0x000000000800da08                __sf_fake_stderr
 .rodata.__sf_fake_stdin
                0x000000000800da28       0x20 c:/st/stm32cubeide_1.8.0/stm32cubeide/plugins/com.st.stm32cube.ide.mcu.externaltools.gnu-tools-for-stm32.9-2020-q2-update.win32_2.0.0.202105311346/tools/bin/../lib/gcc/arm-none-eabi/9.3.1/../../../../arm-none-eabi/lib/thumb/v7e-m+fp/hard\libc_nano.a(lib_a-findfp.o)
                0x000000000800da28                __sf_fake_stdin
 .rodata.__sf_fake_stdout
                0x000000000800da48       0x20 c:/st/stm32cubeide_1.8.0/stm32cubeide/plugins/com.st.stm32cube.ide.mcu.externaltools.gnu-tools-for-stm32.9-2020-q2-update.win32_2.0.0.202105311346/tools/bin/../lib/gcc/arm-none-eabi/9.3.1/../../../../arm-none-eabi/lib/thumb/v7e-m+fp/hard\libc_nano.a(lib_a-findfp.o)
                0x000000000800da48                __sf_fake_stdout
 .rodata.__gethex.str1.1
                0x000000000800da68       0x67 c:/st/stm32cubeide_1.8.0/stm32cubeide/plugins/com.st.stm32cube.ide.mcu.externaltools.gnu-tools-for-stm32.9-2020-q2-update.win32_2.0.0.202105311346/tools/bin/../lib/gcc/arm-none-eabi/9.3.1/../../../../arm-none-eabi/lib/thumb/v7e-m+fp/hard\libc_nano.a(lib_a-gdtoa-gethex.o)
                                         0x78 (size before relaxing)
 .rodata.str1.1
                0x000000000800dacf        0x2 c:/st/stm32cubeide_1.8.0/stm32cubeide/plugins/com.st.stm32cube.ide.mcu.externaltools.gnu-tools-for-stm32.9-2020-q2-update.win32_2.0.0.202105311346/tools/bin/../lib/gcc/arm-none-eabi/9.3.1/../../../../arm-none-eabi/lib/thumb/v7e-m+fp/hard\libc_nano.a(lib_a-lnumeric.o)
                                          0x3 (size before relaxing)
 *fill*         0x000000000800dad1        0x3 
 .rodata._C_numeric_locale
                0x000000000800dad4        0xc c:/st/stm32cubeide_1.8.0/stm32cubeide/plugins/com.st.stm32cube.ide.mcu.externaltools.gnu-tools-for-stm32.9-2020-q2-update.win32_2.0.0.202105311346/tools/bin/../lib/gcc/arm-none-eabi/9.3.1/../../../../arm-none-eabi/lib/thumb/v7e-m+fp/hard\libc_nano.a(lib_a-lnumeric.o)
                0x000000000800dad4                _C_numeric_locale
 .rodata._setlocale_r.str1.1
                0x000000000800dae0        0x8 c:/st/stm32cubeide_1.8.0/stm32cubeide/plugins/com.st.stm32cube.ide.mcu.externaltools.gnu-tools-for-stm32.9-2020-q2-update.win32_2.0.0.202105311346/tools/bin/../lib/gcc/arm-none-eabi/9.3.1/../../../../arm-none-eabi/lib/thumb/v7e-m+fp/hard\libc_nano.a(lib_a-locale.o)
                                          0x9 (size before relaxing)
 .rodata.str1.1
                0x000000000800dae8        0x2 c:/st/stm32cubeide_1.8.0/stm32cubeide/plugins/com.st.stm32cube.ide.mcu.externaltools.gnu-tools-for-stm32.9-2020-q2-update.win32_2.0.0.202105311346/tools/bin/../lib/gcc/arm-none-eabi/9.3.1/../../../../arm-none-eabi/lib/thumb/v7e-m+fp/hard\libc_nano.a(lib_a-locale.o)
 .rodata._Balloc.str1.1
                0x000000000800dae8       0x60 c:/st/stm32cubeide_1.8.0/stm32cubeide/plugins/com.st.stm32cube.ide.mcu.externaltools.gnu-tools-for-stm32.9-2020-q2-update.win32_2.0.0.202105311346/tools/bin/../lib/gcc/arm-none-eabi/9.3.1/../../../../arm-none-eabi/lib/thumb/v7e-m+fp/hard\libc_nano.a(lib_a-mprec.o)
                                         0x77 (size before relaxing)
 .rodata.__multadd.str1.1
                0x000000000800db48       0x11 c:/st/stm32cubeide_1.8.0/stm32cubeide/plugins/com.st.stm32cube.ide.mcu.externaltools.gnu-tools-for-stm32.9-2020-q2-update.win32_2.0.0.202105311346/tools/bin/../lib/gcc/arm-none-eabi/9.3.1/../../../../arm-none-eabi/lib/thumb/v7e-m+fp/hard\libc_nano.a(lib_a-mprec.o)
 .rodata.__mprec_bigtens
                0x000000000800db48       0x28 c:/st/stm32cubeide_1.8.0/stm32cubeide/plugins/com.st.stm32cube.ide.mcu.externaltools.gnu-tools-for-stm32.9-2020-q2-update.win32_2.0.0.202105311346/tools/bin/../lib/gcc/arm-none-eabi/9.3.1/../../../../arm-none-eabi/lib/thumb/v7e-m+fp/hard\libc_nano.a(lib_a-mprec.o)
                0x000000000800db48                __mprec_bigtens
 .rodata.__mprec_tens
                0x000000000800db70       0xc8 c:/st/stm32cubeide_1.8.0/stm32cubeide/plugins/com.st.stm32cube.ide.mcu.externaltools.gnu-tools-for-stm32.9-2020-q2-update.win32_2.0.0.202105311346/tools/bin/../lib/gcc/arm-none-eabi/9.3.1/../../../../arm-none-eabi/lib/thumb/v7e-m+fp/hard\libc_nano.a(lib_a-mprec.o)
                0x000000000800db70                __mprec_tens
 .rodata.p05.7513
                0x000000000800dc38        0xc c:/st/stm32cubeide_1.8.0/stm32cubeide/plugins/com.st.stm32cube.ide.mcu.externaltools.gnu-tools-for-stm32.9-2020-q2-update.win32_2.0.0.202105311346/tools/bin/../lib/gcc/arm-none-eabi/9.3.1/../../../../arm-none-eabi/lib/thumb/v7e-m+fp/hard\libc_nano.a(lib_a-mprec.o)
 .rodata._svfprintf_r.str1.1
                0x000000000800dc44       0x11 c:/st/stm32cubeide_1.8.0/stm32cubeide/plugins/com.st.stm32cube.ide.mcu.externaltools.gnu-tools-for-stm32.9-2020-q2-update.win32_2.0.0.202105311346/tools/bin/../lib/gcc/arm-none-eabi/9.3.1/../../../../arm-none-eabi/lib/thumb/v7e-m+fp/hard\libc_nano.a(lib_a-nano-svfprintf.o)
 .rodata._vfprintf_r.str1.1
                0x000000000800dc55       0x11 c:/st/stm32cubeide_1.8.0/stm32cubeide/plugins/com.st.stm32cube.ide.mcu.externaltools.gnu-tools-for-stm32.9-2020-q2-update.win32_2.0.0.202105311346/tools/bin/../lib/gcc/arm-none-eabi/9.3.1/../../../../arm-none-eabi/lib/thumb/v7e-m+fp/hard\libc_nano.a(lib_a-nano-vfprintf.o)
 .rodata.__assert_func.str1.1
                0x000000000800dc55       0x3c c:/st/stm32cubeide_1.8.0/stm32cubeide/plugins/com.st.stm32cube.ide.mcu.externaltools.gnu-tools-for-stm32.9-2020-q2-update.win32_2.0.0.202105311346/tools/bin/../lib/gcc/arm-none-eabi/9.3.1/../../../../arm-none-eabi/lib/thumb/v7e-m+fp/hard\libc_nano.a(lib_a-assert.o)
                                         0x3d (size before relaxing)
                0x000000000800dc94                . = ALIGN (0x4)
 *fill*         0x000000000800dc91        0x3 

.rel.dyn        0x000000000800dc94        0x0
 .rel.iplt      0x000000000800dc94        0x0 c:/st/stm32cubeide_1.8.0/stm32cubeide/plugins/com.st.stm32cube.ide.mcu.externaltools.gnu-tools-for-stm32.9-2020-q2-update.win32_2.0.0.202105311346/tools/bin/../lib/gcc/arm-none-eabi/9.3.1/thumb/v7e-m+fp/hard/crtbegin.o

.ARM.extab      0x000000000800dc94        0x0
                0x000000000800dc94                . = ALIGN (0x4)
 *(.ARM.extab* .gnu.linkonce.armextab.*)
                0x000000000800dc94                . = ALIGN (0x4)

.ARM            0x000000000800dc94        0x0
                0x000000000800dc94                . = ALIGN (0x4)
                0x000000000800dc94                __exidx_start = .
 *(.ARM.exidx*)
                0x000000000800dc94                __exidx_end = .
                0x000000000800dc94                . = ALIGN (0x4)

.preinit_array  0x000000000800dc94        0x0
                0x000000000800dc94                . = ALIGN (0x4)
                0x000000000800dc94                PROVIDE (__preinit_array_start = .)
 *(.preinit_array*)
                0x000000000800dc94                PROVIDE (__preinit_array_end = .)
                0x000000000800dc94                . = ALIGN (0x4)

.init_array     0x000000000800dc94        0x4
                0x000000000800dc94                . = ALIGN (0x4)
                0x000000000800dc94                PROVIDE (__init_array_start = .)
 *(SORT_BY_NAME(.init_array.*))
 *(.init_array*)
 .init_array    0x000000000800dc94        0x4 c:/st/stm32cubeide_1.8.0/stm32cubeide/plugins/com.st.stm32cube.ide.mcu.externaltools.gnu-tools-for-stm32.9-2020-q2-update.win32_2.0.0.202105311346/tools/bin/../lib/gcc/arm-none-eabi/9.3.1/thumb/v7e-m+fp/hard/crtbegin.o
                0x000000000800dc98                PROVIDE (__init_array_end = .)
                0x000000000800dc98                . = ALIGN (0x4)

.fini_array     0x000000000800dc98        0x4
                0x000000000800dc98                . = ALIGN (0x4)
                [!provide]                        PROVIDE (__fini_array_start = .)
 *(SORT_BY_NAME(.fini_array.*))
 *(.fini_array*)
 .fini_array    0x000000000800dc98        0x4 c:/st/stm32cubeide_1.8.0/stm32cubeide/plugins/com.st.stm32cube.ide.mcu.externaltools.gnu-tools-for-stm32.9-2020-q2-update.win32_2.0.0.202105311346/tools/bin/../lib/gcc/arm-none-eabi/9.3.1/thumb/v7e-m+fp/hard/crtbegin.o
                [!provide]                        PROVIDE (__fini_array_end = .)
                0x000000000800dc9c                . = ALIGN (0x4)
                0x000000000800dc9c                _sidata = LOADADDR (.data)

.data           0x0000000020000000      0x1f8 load address 0x000000000800dc9c
                0x0000000020000000                . = ALIGN (0x4)
                0x0000000020000000                _sdata = .
 *(.data)
 *(.data*)
 .data.Stat     0x0000000020000000        0x1 ./Core/Src/fatfs_sd.o
 *fill*         0x0000000020000001        0x3 
 .data.SystemCoreClock
                0x0000000020000004        0x4 ./Core/Src/system_stm32f3xx.o
                0x0000000020000004                SystemCoreClock
 .data.uwTickPrio
                0x0000000020000008        0x4 ./Drivers/STM32F3xx_HAL_Driver/Src/stm32f3xx_hal.o
                0x0000000020000008                uwTickPrio
 .data.uwTickFreq
                0x000000002000000c        0x1 ./Drivers/STM32F3xx_HAL_Driver/Src/stm32f3xx_hal.o
                0x000000002000000c                uwTickFreq
 *fill*         0x000000002000000d        0x3 
 .data.USER_Driver
                0x0000000020000010       0x14 ./FATFS/Target/user_diskio.o
                0x0000000020000010                USER_Driver
 .data._impure_ptr
                0x0000000020000024        0x4 c:/st/stm32cubeide_1.8.0/stm32cubeide/plugins/com.st.stm32cube.ide.mcu.externaltools.gnu-tools-for-stm32.9-2020-q2-update.win32_2.0.0.202105311346/tools/bin/../lib/gcc/arm-none-eabi/9.3.1/../../../../arm-none-eabi/lib/thumb/v7e-m+fp/hard\libc_nano.a(lib_a-impure.o)
                0x0000000020000024                _impure_ptr
 .data.impure_data